// Validating benchmarks:
// ***** BenchmarkRunner: Start   *****
// ***** Found 6 benchmark(s) in total *****
// ***** Building 1 exe(s) in Parallel: Start   *****
// ***** Done, took 00:00:00 (0.03 sec)   *****
// Found 6 benchmarks:
//   DocumentStagingBenchmarks.SourceGeneratedSerialize: ShortRun(Toolchain=InProcessEmitToolchain, IterationCount=3, LaunchCount=1, WarmupCount=3) [PayloadBytes=1024]
//   DocumentStagingBenchmarks.StageEightDocuments: ShortRun(Toolchain=InProcessEmitToolchain, IterationCount=3, LaunchCount=1, WarmupCount=3) [PayloadBytes=1024]
//   DocumentStagingBenchmarks.SourceGeneratedSerialize: ShortRun(Toolchain=InProcessEmitToolchain, IterationCount=3, LaunchCount=1, WarmupCount=3) [PayloadBytes=65536]
//   DocumentStagingBenchmarks.StageEightDocuments: ShortRun(Toolchain=InProcessEmitToolchain, IterationCount=3, LaunchCount=1, WarmupCount=3) [PayloadBytes=65536]
//   DocumentStagingBenchmarks.SourceGeneratedSerialize: ShortRun(Toolchain=InProcessEmitToolchain, IterationCount=3, LaunchCount=1, WarmupCount=3) [PayloadBytes=1048576]
//   DocumentStagingBenchmarks.StageEightDocuments: ShortRun(Toolchain=InProcessEmitToolchain, IterationCount=3, LaunchCount=1, WarmupCount=3) [PayloadBytes=1048576]

Setup power plan (GUID: 8c5e7fda-e8bf-4a96-9a85-a6e23a8c635c FriendlyName: High performance)
// **************************
// Benchmark: DocumentStagingBenchmarks.SourceGeneratedSerialize: ShortRun(Toolchain=InProcessEmitToolchain, IterationCount=3, LaunchCount=1, WarmupCount=3) [PayloadBytes=1024]
// *** Execute ***
// Launch: 1 / 1

// Benchmark Process Environment Information:
// BenchmarkDotNet v0.15.8
// Runtime=.NET 10.0.12 (10.0.12, 10.0.1226.42308), X64 RyuJIT x86-64-v3
// GC=Concurrent Workstation
// HardwareIntrinsics=AVX2+BMI1+BMI2+F16C+FMA+LZCNT+MOVBE,AVX,SSE3+SSSE3+SSE4.1+SSE4.2+POPCNT,X86Base+SSE+SSE2,AES+PCLMUL VectorSize=256
// Job: Job-ZYJCSJ(Toolchain=InProcessEmitToolchain, IterationCount=3, LaunchCount=1, WarmupCount=3)

OverheadJitting  1: 1 op, 199100.00 ns, 199.1000 us/op
WorkloadJitting  1: 1 op, 305000.00 ns, 305.0000 us/op

OverheadJitting  2: 16 op, 466200.00 ns, 29.1375 us/op
WorkloadJitting  2: 16 op, 541200.00 ns, 33.8250 us/op

WorkloadPilot    1: 16 op, 93200.00 ns, 5.8250 us/op
WorkloadPilot    2: 32 op, 122500.00 ns, 3.8281 us/op
WorkloadPilot    3: 64 op, 221500.00 ns, 3.4609 us/op
WorkloadPilot    4: 128 op, 452500.00 ns, 3.5352 us/op
WorkloadPilot    5: 256 op, 895700.00 ns, 3.4988 us/op
WorkloadPilot    6: 512 op, 1773500.00 ns, 3.4639 us/op
WorkloadPilot    7: 1024 op, 3723500.00 ns, 3.6362 us/op
WorkloadPilot    8: 2048 op, 7338200.00 ns, 3.5831 us/op
WorkloadPilot    9: 4096 op, 18486600.00 ns, 4.5133 us/op
WorkloadPilot   10: 8192 op, 28810800.00 ns, 3.5169 us/op
WorkloadPilot   11: 16384 op, 55902200.00 ns, 3.4120 us/op
WorkloadPilot   12: 32768 op, 127791800.00 ns, 3.8999 us/op
WorkloadPilot   13: 65536 op, 179957800.00 ns, 2.7459 us/op
WorkloadPilot   14: 131072 op, 203668300.00 ns, 1.5539 us/op
WorkloadPilot   15: 262144 op, 402427600.00 ns, 1.5351 us/op
WorkloadPilot   16: 524288 op, 812771200.00 ns, 1.5502 us/op

OverheadWarmup   1: 524288 op, 1306200.00 ns, 2.4914 ns/op
OverheadWarmup   2: 524288 op, 1203600.00 ns, 2.2957 ns/op
OverheadWarmup   3: 524288 op, 1318900.00 ns, 2.5156 ns/op
OverheadWarmup   4: 524288 op, 1273700.00 ns, 2.4294 ns/op
OverheadWarmup   5: 524288 op, 1202800.00 ns, 2.2942 ns/op
OverheadWarmup   6: 524288 op, 1195500.00 ns, 2.2802 ns/op
OverheadWarmup   7: 524288 op, 1218800.00 ns, 2.3247 ns/op
OverheadWarmup   8: 524288 op, 1248300.00 ns, 2.3809 ns/op
OverheadWarmup   9: 524288 op, 1295300.00 ns, 2.4706 ns/op
OverheadWarmup  10: 524288 op, 1190600.00 ns, 2.2709 ns/op

OverheadActual   1: 524288 op, 1184200.00 ns, 2.2587 ns/op
OverheadActual   2: 524288 op, 1184200.00 ns, 2.2587 ns/op
OverheadActual   3: 524288 op, 1190000.00 ns, 2.2697 ns/op
OverheadActual   4: 524288 op, 1207500.00 ns, 2.3031 ns/op
OverheadActual   5: 524288 op, 1184200.00 ns, 2.2587 ns/op
OverheadActual   6: 524288 op, 1274500.00 ns, 2.4309 ns/op
OverheadActual   7: 524288 op, 1184100.00 ns, 2.2585 ns/op
OverheadActual   8: 524288 op, 1267300.00 ns, 2.4172 ns/op
OverheadActual   9: 524288 op, 1188500.00 ns, 2.2669 ns/op
OverheadActual  10: 524288 op, 1233700.00 ns, 2.3531 ns/op
OverheadActual  11: 524288 op, 1204100.00 ns, 2.2966 ns/op
OverheadActual  12: 524288 op, 1177800.00 ns, 2.2465 ns/op
OverheadActual  13: 524288 op, 1189400.00 ns, 2.2686 ns/op
OverheadActual  14: 524288 op, 1186600.00 ns, 2.2633 ns/op
OverheadActual  15: 524288 op, 1216000.00 ns, 2.3193 ns/op

WorkloadWarmup   1: 524288 op, 824004900.00 ns, 1.5717 us/op
WorkloadWarmup   2: 524288 op, 832685400.00 ns, 1.5882 us/op
WorkloadWarmup   3: 524288 op, 830985500.00 ns, 1.5850 us/op

WorkloadActual   1: 524288 op, 840173900.00 ns, 1.6025 us/op
WorkloadActual   2: 524288 op, 864963300.00 ns, 1.6498 us/op
WorkloadActual   3: 524288 op, 821525200.00 ns, 1.5669 us/op

WorkloadResult   1: 524288 op, 838984500.00 ns, 1.6002 us/op
WorkloadResult   2: 524288 op, 863773900.00 ns, 1.6475 us/op
WorkloadResult   3: 524288 op, 820335800.00 ns, 1.5647 us/op
// GC:  36 0 0 616562688 524288
// Threading:  0 0 524288


Mean = 1.604 us, StdErr = 0.024 us (1.50%), N = 3, StdDev = 0.042 us
Min = 1.565 us, Q1 = 1.582 us, Median = 1.600 us, Q3 = 1.624 us, Max = 1.648 us
IQR = 0.041 us, LowerFence = 1.520 us, UpperFence = 1.686 us
ConfidenceInterval = [0.846 us; 2.362 us] (CI 99.9%), Margin = 0.758 us (47.27% of Mean)
Skewness = 0.09, Kurtosis = 0.67, MValue = 2

// ** Remained 5 (83.3%) benchmark(s) to run. Estimated finish 2026-09-27 23:05 (0h 0m from now) **
Setup power plan (GUID: 8c5e7fda-e8bf-4a96-9a85-a6e23a8c635c FriendlyName: High performance)
// **************************
// Benchmark: DocumentStagingBenchmarks.StageEightDocuments: ShortRun(Toolchain=InProcessEmitToolchain, IterationCount=3, LaunchCount=1, WarmupCount=3) [PayloadBytes=1024]
// *** Execute ***
// Launch: 1 / 1

// Benchmark Process Environment Information:
// BenchmarkDotNet v0.15.8
// Runtime=.NET 10.0.12 (10.0.12, 10.0.1226.42308), X64 RyuJIT x86-64-v3
// GC=Concurrent Workstation
// HardwareIntrinsics=AVX2+BMI1+BMI2+F16C+FMA+LZCNT+MOVBE,AVX,SSE3+SSSE3+SSE4.1+SSE4.2+POPCNT,X86Base+SSE+SSE2,AES+PCLMUL VectorSize=256
// Job: Job-ZYJCSJ(Toolchain=InProcessEmitToolchain, IterationCount=3, LaunchCount=1, WarmupCount=3)

OverheadJitting  1: 1 op, 207500.00 ns, 207.5000 us/op
WorkloadJitting  1: 1 op, 4025000.00 ns, 4.0250 ms/op

OverheadJitting  2: 16 op, 342300.00 ns, 21.3938 us/op
WorkloadJitting  2: 16 op, 1161500.00 ns, 72.5938 us/op

WorkloadPilot    1: 16 op, 625600.00 ns, 39.1000 us/op
WorkloadPilot    2: 32 op, 1227700.00 ns, 38.3656 us/op
WorkloadPilot    3: 64 op, 2583900.00 ns, 40.3734 us/op
WorkloadPilot    4: 128 op, 4842600.00 ns, 37.8328 us/op
WorkloadPilot    5: 256 op, 10110700.00 ns, 39.4949 us/op
WorkloadPilot    6: 512 op, 23700700.00 ns, 46.2904 us/op
WorkloadPilot    7: 1024 op, 41277600.00 ns, 40.3102 us/op
WorkloadPilot    8: 2048 op, 81282500.00 ns, 39.6887 us/op
WorkloadPilot    9: 4096 op, 162213600.00 ns, 39.6029 us/op
WorkloadPilot   10: 8192 op, 300020900.00 ns, 36.6236 us/op
WorkloadPilot   11: 16384 op, 625631400.00 ns, 38.1855 us/op

OverheadWarmup   1: 16384 op, 26700.00 ns, 1.6296 ns/op
OverheadWarmup   2: 16384 op, 19300.00 ns, 1.1780 ns/op
OverheadWarmup   3: 16384 op, 19200.00 ns, 1.1719 ns/op
OverheadWarmup   4: 16384 op, 19300.00 ns, 1.1780 ns/op
OverheadWarmup   5: 16384 op, 19400.00 ns, 1.1841 ns/op
OverheadWarmup   6: 16384 op, 19100.00 ns, 1.1658 ns/op
OverheadWarmup   7: 16384 op, 19200.00 ns, 1.1719 ns/op
OverheadWarmup   8: 16384 op, 19300.00 ns, 1.1780 ns/op
OverheadWarmup   9: 16384 op, 19200.00 ns, 1.1719 ns/op

OverheadActual   1: 16384 op, 19200.00 ns, 1.1719 ns/op
OverheadActual   2: 16384 op, 19100.00 ns, 1.1658 ns/op
OverheadActual   3: 16384 op, 19100.00 ns, 1.1658 ns/op
OverheadActual   4: 16384 op, 24200.00 ns, 1.4771 ns/op
OverheadActual   5: 16384 op, 24000.00 ns, 1.4648 ns/op
OverheadActual   6: 16384 op, 19400.00 ns, 1.1841 ns/op
OverheadActual   7: 16384 op, 24000.00 ns, 1.4648 ns/op
OverheadActual   8: 16384 op, 19200.00 ns, 1.1719 ns/op
OverheadActual   9: 16384 op, 19200.00 ns, 1.1719 ns/op
OverheadActual  10: 16384 op, 19200.00 ns, 1.1719 ns/op
OverheadActual  11: 16384 op, 19200.00 ns, 1.1719 ns/op
OverheadActual  12: 16384 op, 19100.00 ns, 1.1658 ns/op
OverheadActual  13: 16384 op, 19200.00 ns, 1.1719 ns/op
OverheadActual  14: 16384 op, 19200.00 ns, 1.1719 ns/op
OverheadActual  15: 16384 op, 19000.00 ns, 1.1597 ns/op

WorkloadWarmup   1: 16384 op, 395574600.00 ns, 24.1440 us/op
WorkloadWarmup   2: 16384 op, 401064500.00 ns, 24.4790 us/op
WorkloadWarmup   3: 16384 op, 399800300.00 ns, 24.4019 us/op

WorkloadActual   1: 16384 op, 389042300.00 ns, 23.7453 us/op
WorkloadActual   2: 16384 op, 403611300.00 ns, 24.6345 us/op
WorkloadActual   3: 16384 op, 407971300.00 ns, 24.9006 us/op

WorkloadResult   1: 16384 op, 389023100.00 ns, 23.7441 us/op
WorkloadResult   2: 16384 op, 403592100.00 ns, 24.6333 us/op
WorkloadResult   3: 16384 op, 407952100.00 ns, 24.8994 us/op
// GC:  30 1 0 507775952 16384
// Threading:  0 0 16384


Mean = 24.426 us, StdErr = 0.349 us (1.43%), N = 3, StdDev = 0.605 us
Min = 23.744 us, Q1 = 24.189 us, Median = 24.633 us, Q3 = 24.766 us, Max = 24.899 us
IQR = 0.578 us, LowerFence = 23.322 us, UpperFence = 25.633 us
ConfidenceInterval = [13.388 us; 35.464 us] (CI 99.9%), Margin = 11.038 us (45.19% of Mean)
Skewness = -0.3, Kurtosis = 0.67, MValue = 2

// ** Remained 4 (66.7%) benchmark(s) to run. Estimated finish 2026-09-27 23:05 (0h 0m from now) **
Setup power plan (GUID: 8c5e7fda-e8bf-4a96-9a85-a6e23a8c635c FriendlyName: High performance)
// **************************
// Benchmark: DocumentStagingBenchmarks.SourceGeneratedSerialize: ShortRun(Toolchain=InProcessEmitToolchain, IterationCount=3, LaunchCount=1, WarmupCount=3) [PayloadBytes=65536]
// *** Execute ***
// Launch: 1 / 1

// Benchmark Process Environment Information:
// BenchmarkDotNet v0.15.8
// Runtime=.NET 10.0.12 (10.0.12, 10.0.1226.42308), X64 RyuJIT x86-64-v3
// GC=Concurrent Workstation
// HardwareIntrinsics=AVX2+BMI1+BMI2+F16C+FMA+LZCNT+MOVBE,AVX,SSE3+SSSE3+SSE4.1+SSE4.2+POPCNT,X86Base+SSE+SSE2,AES+PCLMUL VectorSize=256
// Job: Job-ZYJCSJ(Toolchain=InProcessEmitToolchain, IterationCount=3, LaunchCount=1, WarmupCount=3)

OverheadJitting  1: 1 op, 241700.00 ns, 241.7000 us/op
WorkloadJitting  1: 1 op, 270400.00 ns, 270.4000 us/op

OverheadJitting  2: 16 op, 447300.00 ns, 27.9563 us/op
WorkloadJitting  2: 16 op, 2302700.00 ns, 143.9188 us/op

WorkloadPilot    1: 16 op, 1610300.00 ns, 100.6438 us/op
WorkloadPilot    2: 32 op, 3339900.00 ns, 104.3719 us/op
WorkloadPilot    3: 64 op, 6371300.00 ns, 99.5516 us/op
WorkloadPilot    4: 128 op, 12867600.00 ns, 100.5281 us/op
WorkloadPilot    5: 256 op, 29954400.00 ns, 117.0094 us/op
WorkloadPilot    6: 512 op, 66316400.00 ns, 129.5242 us/op
WorkloadPilot    7: 1024 op, 104023000.00 ns, 101.5850 us/op
WorkloadPilot    8: 2048 op, 213494800.00 ns, 104.2455 us/op
WorkloadPilot    9: 4096 op, 443386400.00 ns, 108.2486 us/op
WorkloadPilot   10: 8192 op, 817236000.00 ns, 99.7603 us/op

OverheadWarmup   1: 8192 op, 22000.00 ns, 2.6855 ns/op
OverheadWarmup   2: 8192 op, 19400.00 ns, 2.3682 ns/op
OverheadWarmup   3: 8192 op, 19500.00 ns, 2.3804 ns/op
OverheadWarmup   4: 8192 op, 19400.00 ns, 2.3682 ns/op
OverheadWarmup   5: 8192 op, 19500.00 ns, 2.3804 ns/op
OverheadWarmup   6: 8192 op, 19400.00 ns, 2.3682 ns/op

OverheadActual   1: 8192 op, 19300.00 ns, 2.3560 ns/op
OverheadActual   2: 8192 op, 19200.00 ns, 2.3438 ns/op
OverheadActual   3: 8192 op, 19300.00 ns, 2.3560 ns/op
OverheadActual   4: 8192 op, 19300.00 ns, 2.3560 ns/op
OverheadActual   5: 8192 op, 19300.00 ns, 2.3560 ns/op
OverheadActual   6: 8192 op, 19600.00 ns, 2.3926 ns/op
OverheadActual   7: 8192 op, 19600.00 ns, 2.3926 ns/op
OverheadActual   8: 8192 op, 19500.00 ns, 2.3804 ns/op
OverheadActual   9: 8192 op, 19400.00 ns, 2.3682 ns/op
OverheadActual  10: 8192 op, 19400.00 ns, 2.3682 ns/op
OverheadActual  11: 8192 op, 19400.00 ns, 2.3682 ns/op
OverheadActual  12: 8192 op, 33800.00 ns, 4.1260 ns/op
OverheadActual  13: 8192 op, 19400.00 ns, 2.3682 ns/op
OverheadActual  14: 8192 op, 19300.00 ns, 2.3560 ns/op
OverheadActual  15: 8192 op, 54700.00 ns, 6.6772 ns/op

WorkloadWarmup   1: 8192 op, 825127700.00 ns, 100.7236 us/op
WorkloadWarmup   2: 8192 op, 820165600.00 ns, 100.1179 us/op
WorkloadWarmup   3: 8192 op, 819210600.00 ns, 100.0013 us/op

WorkloadActual   1: 8192 op, 854482700.00 ns, 104.3070 us/op
WorkloadActual   2: 8192 op, 831678000.00 ns, 101.5232 us/op
WorkloadActual   3: 8192 op, 857427200.00 ns, 104.6664 us/op

WorkloadResult   1: 8192 op, 854463300.00 ns, 104.3046 us/op
WorkloadResult   2: 8192 op, 831658600.00 ns, 101.5208 us/op
WorkloadResult   3: 8192 op, 857407800.00 ns, 104.6640 us/op
// GC:  34 0 0 581896512 8192
// Threading:  0 0 8192


Mean = 103.496 us, StdErr = 0.993 us (0.96%), N = 3, StdDev = 1.720 us
Min = 101.521 us, Q1 = 102.913 us, Median = 104.305 us, Q3 = 104.484 us, Max = 104.664 us
IQR = 1.572 us, LowerFence = 100.555 us, UpperFence = 106.842 us
ConfidenceInterval = [72.110 us; 134.883 us] (CI 99.9%), Margin = 31.386 us (30.33% of Mean)
Skewness = -0.37, Kurtosis = 0.67, MValue = 2

// ** Remained 3 (50.0%) benchmark(s) to run. Estimated finish 2026-09-27 23:05 (0h 0m from now) **
Setup power plan (GUID: 8c5e7fda-e8bf-4a96-9a85-a6e23a8c635c FriendlyName: High performance)
// **************************
// Benchmark: DocumentStagingBenchmarks.StageEightDocuments: ShortRun(Toolchain=InProcessEmitToolchain, IterationCount=3, LaunchCount=1, WarmupCount=3) [PayloadBytes=65536]
// *** Execute ***
// Launch: 1 / 1

// Benchmark Process Environment Information:
// BenchmarkDotNet v0.15.8
// Runtime=.NET 10.0.12 (10.0.12, 10.0.1226.42308), X64 RyuJIT x86-64-v3
// GC=Concurrent Workstation
// HardwareIntrinsics=AVX2+BMI1+BMI2+F16C+FMA+LZCNT+MOVBE,AVX,SSE3+SSSE3+SSE4.1+SSE4.2+POPCNT,X86Base+SSE+SSE2,AES+PCLMUL VectorSize=256
// Job: Job-ZYJCSJ(Toolchain=InProcessEmitToolchain, IterationCount=3, LaunchCount=1, WarmupCount=3)

OverheadJitting  1: 1 op, 176400.00 ns, 176.4000 us/op
WorkloadJitting  1: 1 op, 1801000.00 ns, 1.8010 ms/op

OverheadJitting  2: 16 op, 404800.00 ns, 25.3000 us/op
WorkloadJitting  2: 16 op, 24536900.00 ns, 1.5336 ms/op

WorkloadPilot    1: 16 op, 24087600.00 ns, 1.5055 ms/op
WorkloadPilot    2: 32 op, 47358200.00 ns, 1.4799 ms/op
WorkloadPilot    3: 64 op, 92699000.00 ns, 1.4484 ms/op
WorkloadPilot    4: 128 op, 181060400.00 ns, 1.4145 ms/op
WorkloadPilot    5: 256 op, 398947500.00 ns, 1.5584 ms/op
WorkloadPilot    6: 512 op, 797720700.00 ns, 1.5580 ms/op

OverheadWarmup   1: 512 op, 3800.00 ns, 7.4219 ns/op
OverheadWarmup   2: 512 op, 900.00 ns, 1.7578 ns/op
OverheadWarmup   3: 512 op, 900.00 ns, 1.7578 ns/op
OverheadWarmup   4: 512 op, 900.00 ns, 1.7578 ns/op
OverheadWarmup   5: 512 op, 900.00 ns, 1.7578 ns/op
OverheadWarmup   6: 512 op, 800.00 ns, 1.5625 ns/op

OverheadActual   1: 512 op, 900.00 ns, 1.7578 ns/op
OverheadActual   2: 512 op, 900.00 ns, 1.7578 ns/op
OverheadActual   3: 512 op, 800.00 ns, 1.5625 ns/op
OverheadActual   4: 512 op, 900.00 ns, 1.7578 ns/op
OverheadActual   5: 512 op, 900.00 ns, 1.7578 ns/op
OverheadActual   6: 512 op, 800.00 ns, 1.5625 ns/op
OverheadActual   7: 512 op, 900.00 ns, 1.7578 ns/op
OverheadActual   8: 512 op, 900.00 ns, 1.7578 ns/op
OverheadActual   9: 512 op, 900.00 ns, 1.7578 ns/op
OverheadActual  10: 512 op, 800.00 ns, 1.5625 ns/op
OverheadActual  11: 512 op, 800.00 ns, 1.5625 ns/op
OverheadActual  12: 512 op, 800.00 ns, 1.5625 ns/op
OverheadActual  13: 512 op, 800.00 ns, 1.5625 ns/op
OverheadActual  14: 512 op, 900.00 ns, 1.7578 ns/op
OverheadActual  15: 512 op, 900.00 ns, 1.7578 ns/op
OverheadActual  16: 512 op, 800.00 ns, 1.5625 ns/op
OverheadActual  17: 512 op, 800.00 ns, 1.5625 ns/op
OverheadActual  18: 512 op, 900.00 ns, 1.7578 ns/op
OverheadActual  19: 512 op, 900.00 ns, 1.7578 ns/op
OverheadActual  20: 512 op, 900.00 ns, 1.7578 ns/op

WorkloadWarmup   1: 512 op, 834804300.00 ns, 1.6305 ms/op
WorkloadWarmup   2: 512 op, 841537700.00 ns, 1.6436 ms/op
WorkloadWarmup   3: 512 op, 812998800.00 ns, 1.5879 ms/op

WorkloadActual   1: 512 op, 819926400.00 ns, 1.6014 ms/op
WorkloadActual   2: 512 op, 834987100.00 ns, 1.6308 ms/op
WorkloadActual   3: 512 op, 797007300.00 ns, 1.5567 ms/op

WorkloadResult   1: 512 op, 819925500.00 ns, 1.6014 ms/op
WorkloadResult   2: 512 op, 834986200.00 ns, 1.6308 ms/op
WorkloadResult   3: 512 op, 797006400.00 ns, 1.5567 ms/op
// GC:  339 321 321 1459347544 512
// Threading:  0 0 512


Mean = 1.596 ms, StdErr = 0.022 ms (1.35%), N = 3, StdDev = 0.037 ms
Min = 1.557 ms, Q1 = 1.579 ms, Median = 1.601 ms, Q3 = 1.616 ms, Max = 1.631 ms
IQR = 0.037 ms, LowerFence = 1.523 ms, UpperFence = 1.672 ms
ConfidenceInterval = [0.915 ms; 2.278 ms] (CI 99.9%), Margin = 0.681 ms (42.69% of Mean)
Skewness = -0.13, Kurtosis = 0.67, MValue = 2

// ** Remained 2 (33.3%) benchmark(s) to run. Estimated finish 2026-09-27 23:05 (0h 0m from now) **
Setup power plan (GUID: 8c5e7fda-e8bf-4a96-9a85-a6e23a8c635c FriendlyName: High performance)
// **************************
// Benchmark: DocumentStagingBenchmarks.SourceGeneratedSerialize: ShortRun(Toolchain=InProcessEmitToolchain, IterationCount=3, LaunchCount=1, WarmupCount=3) [PayloadBytes=1048576]
// *** Execute ***
// Launch: 1 / 1

// Benchmark Process Environment Information:
// BenchmarkDotNet v0.15.8
// Runtime=.NET 10.0.12 (10.0.12, 10.0.1226.42308), X64 RyuJIT x86-64-v3
// GC=Concurrent Workstation
// HardwareIntrinsics=AVX2+BMI1+BMI2+F16C+FMA+LZCNT+MOVBE,AVX,SSE3+SSSE3+SSE4.1+SSE4.2+POPCNT,X86Base+SSE+SSE2,AES+PCLMUL VectorSize=256
// Job: Job-ZYJCSJ(Toolchain=InProcessEmitToolchain, IterationCount=3, LaunchCount=1, WarmupCount=3)

OverheadJitting  1: 1 op, 204800.00 ns, 204.8000 us/op
WorkloadJitting  1: 1 op, 1850200.00 ns, 1.8502 ms/op

OverheadJitting  2: 16 op, 440700.00 ns, 27.5438 us/op
WorkloadJitting  2: 16 op, 27300400.00 ns, 1.7063 ms/op

WorkloadPilot    1: 16 op, 26578600.00 ns, 1.6612 ms/op
WorkloadPilot    2: 32 op, 53052800.00 ns, 1.6579 ms/op
WorkloadPilot    3: 64 op, 106343600.00 ns, 1.6616 ms/op
WorkloadPilot    4: 128 op, 211478400.00 ns, 1.6522 ms/op
WorkloadPilot    5: 256 op, 424784900.00 ns, 1.6593 ms/op
WorkloadPilot    6: 512 op, 867643200.00 ns, 1.6946 ms/op

OverheadWarmup   1: 512 op, 4200.00 ns, 8.2031 ns/op
OverheadWarmup   2: 512 op, 1500.00 ns, 2.9297 ns/op
OverheadWarmup   3: 512 op, 1600.00 ns, 3.1250 ns/op
OverheadWarmup   4: 512 op, 1600.00 ns, 3.1250 ns/op
OverheadWarmup   5: 512 op, 1500.00 ns, 2.9297 ns/op
OverheadWarmup   6: 512 op, 1500.00 ns, 2.9297 ns/op

OverheadActual   1: 512 op, 1500.00 ns, 2.9297 ns/op
OverheadActual   2: 512 op, 1400.00 ns, 2.7344 ns/op
OverheadActual   3: 512 op, 1400.00 ns, 2.7344 ns/op
OverheadActual   4: 512 op, 1500.00 ns, 2.9297 ns/op
OverheadActual   5: 512 op, 1700.00 ns, 3.3203 ns/op
OverheadActual   6: 512 op, 1600.00 ns, 3.1250 ns/op
OverheadActual   7: 512 op, 1400.00 ns, 2.7344 ns/op
OverheadActual   8: 512 op, 1600.00 ns, 3.1250 ns/op
OverheadActual   9: 512 op, 1500.00 ns, 2.9297 ns/op
OverheadActual  10: 512 op, 1500.00 ns, 2.9297 ns/op
OverheadActual  11: 512 op, 1500.00 ns, 2.9297 ns/op
OverheadActual  12: 512 op, 1400.00 ns, 2.7344 ns/op
OverheadActual  13: 512 op, 1600.00 ns, 3.1250 ns/op
OverheadActual  14: 512 op, 1600.00 ns, 3.1250 ns/op
OverheadActual  15: 512 op, 1600.00 ns, 3.1250 ns/op
OverheadActual  16: 512 op, 1500.00 ns, 2.9297 ns/op
OverheadActual  17: 512 op, 1500.00 ns, 2.9297 ns/op
OverheadActual  18: 512 op, 1500.00 ns, 2.9297 ns/op
OverheadActual  19: 512 op, 1500.00 ns, 2.9297 ns/op

WorkloadWarmup   1: 512 op, 884638400.00 ns, 1.7278 ms/op
WorkloadWarmup   2: 512 op, 877368900.00 ns, 1.7136 ms/op
WorkloadWarmup   3: 512 op, 912212800.00 ns, 1.7817 ms/op

WorkloadActual   1: 512 op, 864548000.00 ns, 1.6886 ms/op
WorkloadActual   2: 512 op, 884725200.00 ns, 1.7280 ms/op
WorkloadActual   3: 512 op, 851365300.00 ns, 1.6628 ms/op

WorkloadResult   1: 512 op, 864546500.00 ns, 1.6886 ms/op
WorkloadResult   2: 512 op, 884723700.00 ns, 1.7280 ms/op
WorkloadResult   3: 512 op, 851363800.00 ns, 1.6628 ms/op
// GC:  22 22 22 578938752 512
// Threading:  0 0 512


Mean = 1.693 ms, StdErr = 0.019 ms (1.12%), N = 3, StdDev = 0.033 ms
Min = 1.663 ms, Q1 = 1.676 ms, Median = 1.689 ms, Q3 = 1.708 ms, Max = 1.728 ms
IQR = 0.033 ms, LowerFence = 1.627 ms, UpperFence = 1.757 ms
ConfidenceInterval = [1.094 ms; 2.292 ms] (CI 99.9%), Margin = 0.599 ms (35.36% of Mean)
Skewness = 0.14, Kurtosis = 0.67, MValue = 2

// ** Remained 1 (16.7%) benchmark(s) to run. Estimated finish 2026-09-27 23:05 (0h 0m from now) **
Setup power plan (GUID: 8c5e7fda-e8bf-4a96-9a85-a6e23a8c635c FriendlyName: High performance)
// **************************
// Benchmark: DocumentStagingBenchmarks.StageEightDocuments: ShortRun(Toolchain=InProcessEmitToolchain, IterationCount=3, LaunchCount=1, WarmupCount=3) [PayloadBytes=1048576]
// *** Execute ***
// Launch: 1 / 1

// Benchmark Process Environment Information:
// BenchmarkDotNet v0.15.8
// Runtime=.NET 10.0.12 (10.0.12, 10.0.1226.42308), X64 RyuJIT x86-64-v3
// GC=Concurrent Workstation
// HardwareIntrinsics=AVX2+BMI1+BMI2+F16C+FMA+LZCNT+MOVBE,AVX,SSE3+SSSE3+SSE4.1+SSE4.2+POPCNT,X86Base+SSE+SSE2,AES+PCLMUL VectorSize=256
// Job: Job-ZYJCSJ(Toolchain=InProcessEmitToolchain, IterationCount=3, LaunchCount=1, WarmupCount=3)

OverheadJitting  1: 1 op, 196300.00 ns, 196.3000 us/op
WorkloadJitting  1: 1 op, 25839300.00 ns, 25.8393 ms/op

OverheadJitting  2: 16 op, 353100.00 ns, 22.0688 us/op
WorkloadJitting  2: 16 op, 421036300.00 ns, 26.3148 ms/op

WorkloadPilot    1: 16 op, 420616000.00 ns, 26.2885 ms/op
WorkloadPilot    2: 32 op, 862772700.00 ns, 26.9616 ms/op

OverheadWarmup   1: 32 op, 3100.00 ns, 96.8750 ns/op
OverheadWarmup   2: 32 op, 500.00 ns, 15.6250 ns/op
OverheadWarmup   3: 32 op, 300.00 ns, 9.3750 ns/op
OverheadWarmup   4: 32 op, 300.00 ns, 9.3750 ns/op
OverheadWarmup   5: 32 op, 300.00 ns, 9.3750 ns/op
OverheadWarmup   6: 32 op, 300.00 ns, 9.3750 ns/op
OverheadWarmup   7: 32 op, 300.00 ns, 9.3750 ns/op

OverheadActual   1: 32 op, 400.00 ns, 12.5000 ns/op
OverheadActual   2: 32 op, 300.00 ns, 9.3750 ns/op
OverheadActual   3: 32 op, 300.00 ns, 9.3750 ns/op
OverheadActual   4: 32 op, 300.00 ns, 9.3750 ns/op
OverheadActual   5: 32 op, 400.00 ns, 12.5000 ns/op
OverheadActual   6: 32 op, 300.00 ns, 9.3750 ns/op
OverheadActual   7: 32 op, 300.00 ns, 9.3750 ns/op
OverheadActual   8: 32 op, 300.00 ns, 9.3750 ns/op
OverheadActual   9: 32 op, 300.00 ns, 9.3750 ns/op
OverheadActual  10: 32 op, 300.00 ns, 9.3750 ns/op
OverheadActual  11: 32 op, 300.00 ns, 9.3750 ns/op
OverheadActual  12: 32 op, 400.00 ns, 12.5000 ns/op
OverheadActual  13: 32 op, 300.00 ns, 9.3750 ns/op
OverheadActual  14: 32 op, 300.00 ns, 9.3750 ns/op
OverheadActual  15: 32 op, 400.00 ns, 12.5000 ns/op
OverheadActual  16: 32 op, 300.00 ns, 9.3750 ns/op
OverheadActual  17: 32 op, 200.00 ns, 6.2500 ns/op
OverheadActual  18: 32 op, 300.00 ns, 9.3750 ns/op
OverheadActual  19: 32 op, 300.00 ns, 9.3750 ns/op
OverheadActual  20: 32 op, 300.00 ns, 9.3750 ns/op

WorkloadWarmup   1: 32 op, 875347100.00 ns, 27.3546 ms/op
WorkloadWarmup   2: 32 op, 855463900.00 ns, 26.7332 ms/op
WorkloadWarmup   3: 32 op, 887447100.00 ns, 27.7327 ms/op

WorkloadActual   1: 32 op, 854338500.00 ns, 26.6981 ms/op
WorkloadActual   2: 32 op, 844886800.00 ns, 26.4027 ms/op
WorkloadActual   3: 32 op, 849082300.00 ns, 26.5338 ms/op

WorkloadResult   1: 32 op, 854338200.00 ns, 26.6981 ms/op
WorkloadResult   2: 32 op, 844886500.00 ns, 26.4027 ms/op
WorkloadResult   3: 32 op, 849082000.00 ns, 26.5338 ms/op
// GC:  21 21 21 1447327208 32
// Threading:  0 0 32


Mean = 26.545 ms, StdErr = 0.085 ms (0.32%), N = 3, StdDev = 0.148 ms
Min = 26.403 ms, Q1 = 26.468 ms, Median = 26.534 ms, Q3 = 26.616 ms, Max = 26.698 ms
IQR = 0.148 ms, LowerFence = 26.247 ms, UpperFence = 26.837 ms
ConfidenceInterval = [23.845 ms; 29.245 ms] (CI 99.9%), Margin = 2.700 ms (10.17% of Mean)
Skewness = 0.07, Kurtosis = 0.67, MValue = 2

// ** Remained 0 (0.0%) benchmark(s) to run. Estimated finish 2026-09-27 23:05 (0h 0m from now) **
Successfully reverted power plan (GUID: 8c5e7fda-e8bf-4a96-9a85-a6e23a8c635c FriendlyName: High performance)
// ***** BenchmarkRunner: Finish  *****

// * Export *
  artifacts\documents-load\allocation-pair\optimized\results\BlueTusk.Documents.LoadHarness.DocumentStagingBenchmarks-report.csv
// Wrong assembly binding redirects for System.Management, loading it from disk anyway.
  artifacts\documents-load\allocation-pair\optimized\results\BlueTusk.Documents.LoadHarness.DocumentStagingBenchmarks-report-github.md
  artifacts\documents-load\allocation-pair\optimized\results\BlueTusk.Documents.LoadHarness.DocumentStagingBenchmarks-report.html
  artifacts\documents-load\allocation-pair\optimized\results\BlueTusk.Documents.LoadHarness.DocumentStagingBenchmarks-report-brief.json

// * Detailed results *
DocumentStagingBenchmarks.SourceGeneratedSerialize: ShortRun(Toolchain=InProcessEmitToolchain, IterationCount=3, LaunchCount=1, WarmupCount=3) [PayloadBytes=1024]
Runtime = ; GC = 
Mean = 1.604 us, StdErr = 0.024 us (1.50%), N = 3, StdDev = 0.042 us
Min = 1.565 us, Q1 = 1.582 us, Median = 1.600 us, Q3 = 1.624 us, Max = 1.648 us
IQR = 0.041 us, LowerFence = 1.520 us, UpperFence = 1.686 us
ConfidenceInterval = [0.846 us; 2.362 us] (CI 99.9%), Margin = 0.758 us (47.27% of Mean)
Skewness = 0.09, Kurtosis = 0.67, MValue = 2
-------------------- Histogram --------------------
[1.545 us ; 1.620 us) | @@
[1.620 us ; 1.685 us) | @
---------------------------------------------------

DocumentStagingBenchmarks.StageEightDocuments: ShortRun(Toolchain=InProcessEmitToolchain, IterationCount=3, LaunchCount=1, WarmupCount=3) [PayloadBytes=1024]
Runtime = ; GC = 
Mean = 24.426 us, StdErr = 0.349 us (1.43%), N = 3, StdDev = 0.605 us
Min = 23.744 us, Q1 = 24.189 us, Median = 24.633 us, Q3 = 24.766 us, Max = 24.899 us
IQR = 0.578 us, LowerFence = 23.322 us, UpperFence = 25.633 us
ConfidenceInterval = [13.388 us; 35.464 us] (CI 99.9%), Margin = 11.038 us (45.19% of Mean)
Skewness = -0.3, Kurtosis = 0.67, MValue = 2
-------------------- Histogram --------------------
[23.193 us ; 24.216 us) | @
[24.216 us ; 25.450 us) | @@
---------------------------------------------------

DocumentStagingBenchmarks.SourceGeneratedSerialize: ShortRun(Toolchain=InProcessEmitToolchain, IterationCount=3, LaunchCount=1, WarmupCount=3) [PayloadBytes=65536]
Runtime = ; GC = 
Mean = 103.496 us, StdErr = 0.993 us (0.96%), N = 3, StdDev = 1.720 us
Min = 101.521 us, Q1 = 102.913 us, Median = 104.305 us, Q3 = 104.484 us, Max = 104.664 us
IQR = 1.572 us, LowerFence = 100.555 us, UpperFence = 106.842 us
ConfidenceInterval = [72.110 us; 134.883 us] (CI 99.9%), Margin = 31.386 us (30.33% of Mean)
Skewness = -0.37, Kurtosis = 0.67, MValue = 2
-------------------- Histogram --------------------
[ 99.955 us ; 102.919 us) | @
[102.919 us ; 106.230 us) | @@
---------------------------------------------------

DocumentStagingBenchmarks.StageEightDocuments: ShortRun(Toolchain=InProcessEmitToolchain, IterationCount=3, LaunchCount=1, WarmupCount=3) [PayloadBytes=65536]
Runtime = ; GC = 
Mean = 1.596 ms, StdErr = 0.022 ms (1.35%), N = 3, StdDev = 0.037 ms
Min = 1.557 ms, Q1 = 1.579 ms, Median = 1.601 ms, Q3 = 1.616 ms, Max = 1.631 ms
IQR = 0.037 ms, LowerFence = 1.523 ms, UpperFence = 1.672 ms
ConfidenceInterval = [0.915 ms; 2.278 ms] (CI 99.9%), Margin = 0.681 ms (42.69% of Mean)
Skewness = -0.13, Kurtosis = 0.67, MValue = 2
-------------------- Histogram --------------------
[1.523 ms ; 1.582 ms) | @
[1.582 ms ; 1.650 ms) | @@
---------------------------------------------------

DocumentStagingBenchmarks.SourceGeneratedSerialize: ShortRun(Toolchain=InProcessEmitToolchain, IterationCount=3, LaunchCount=1, WarmupCount=3) [PayloadBytes=1048576]
Runtime = ; GC = 
Mean = 1.693 ms, StdErr = 0.019 ms (1.12%), N = 3, StdDev = 0.033 ms
Min = 1.663 ms, Q1 = 1.676 ms, Median = 1.689 ms, Q3 = 1.708 ms, Max = 1.728 ms
IQR = 0.033 ms, LowerFence = 1.627 ms, UpperFence = 1.757 ms
ConfidenceInterval = [1.094 ms; 2.292 ms] (CI 99.9%), Margin = 0.599 ms (35.36% of Mean)
Skewness = 0.14, Kurtosis = 0.67, MValue = 2
-------------------- Histogram --------------------
[1.646 ms ; 1.706 ms) | @@
[1.706 ms ; 1.758 ms) | @
---------------------------------------------------

DocumentStagingBenchmarks.StageEightDocuments: ShortRun(Toolchain=InProcessEmitToolchain, IterationCount=3, LaunchCount=1, WarmupCount=3) [PayloadBytes=1048576]
Runtime = ; GC = 
Mean = 26.545 ms, StdErr = 0.085 ms (0.32%), N = 3, StdDev = 0.148 ms
Min = 26.403 ms, Q1 = 26.468 ms, Median = 26.534 ms, Q3 = 26.616 ms, Max = 26.698 ms
IQR = 0.148 ms, LowerFence = 26.247 ms, UpperFence = 26.837 ms
ConfidenceInterval = [23.845 ms; 29.245 ms] (CI 99.9%), Margin = 2.700 ms (10.17% of Mean)
Skewness = 0.07, Kurtosis = 0.67, MValue = 2
-------------------- Histogram --------------------
[26.268 ms ; 26.733 ms) | @@@
---------------------------------------------------

// * Summary *

BenchmarkDotNet v0.15.8, Windows 11 (10.0.26200.9550/25H2/2025Update/HudsonValley2)
AMD Ryzen 7 5800X 3.80GHz, 1 CPU, 16 logical and 8 physical cores
.NET SDK 10.0.303
  [Host] : .NET 10.0.12 (10.0.12, 10.0.1226.42308), X64 RyuJIT x86-64-v3

Job=ShortRun  Toolchain=InProcessEmitToolchain  IterationCount=3  
LaunchCount=1  WarmupCount=3  

| Method                   | PayloadBytes | Mean          | Error         | StdDev      | Gen0     | Gen1     | Gen2     | Allocated   |
|------------------------- |------------- |--------------:|--------------:|------------:|---------:|---------:|---------:|------------:|
| SourceGeneratedSerialize | 1024         |      1.604 us |     0.7583 us |   0.0416 us |   0.0687 |        - |        - |     1.15 KB |
| StageEightDocuments      | 1024         |     24.426 us |    11.0379 us |   0.6050 us |   1.8311 |   0.0610 |        - |    30.27 KB |
| SourceGeneratedSerialize | 65536        |    103.496 us |    31.3863 us |   1.7204 us |   4.1504 |        - |        - |    69.37 KB |
| StageEightDocuments      | 65536        |  1,596.301 us |   681.4643 us |  37.3534 us | 662.1094 | 626.9531 | 626.9531 |  2783.48 KB |
| SourceGeneratedSerialize | 1048576      |  1,693.121 us |   598.6833 us |  32.8159 us |  42.9688 |  42.9688 |  42.9688 |  1104.24 KB |
| StageEightDocuments      | 1048576      | 26,544.861 us | 2,699.9337 us | 147.9925 us | 656.2500 | 656.2500 | 656.2500 | 44168.92 KB |

// * Legends *
  PayloadBytes : Value of the 'PayloadBytes' parameter
  Mean         : Arithmetic mean of all measurements
  Error        : Half of 99.9% confidence interval
  StdDev       : Standard deviation of all measurements
  Gen0         : GC Generation 0 collects per 1000 operations
  Gen1         : GC Generation 1 collects per 1000 operations
  Gen2         : GC Generation 2 collects per 1000 operations
  Allocated    : Allocated memory per single operation (managed only, inclusive, 1KB = 1024B)
  1 us         : 1 Microsecond (0.000001 sec)

// * Diagnostic Output - MemoryDiagnoser *


// ***** BenchmarkRunner: End *****
Run time: 00:00:43 (43.8 sec), executed benchmarks: 6

Global total time: 00:00:44 (44.44 sec), executed benchmarks: 6
// * Artifacts cleanup *
Artifacts cleanup is finished
