// Validating benchmarks:
// ***** BenchmarkRunner: Start   *****
// ***** Found 6 benchmark(s) in total *****
// ***** Building 1 exe(s) in Parallel: Start   *****
// ***** Done, took 00:00:00 (0.04 sec)   *****
// Found 6 benchmarks:
//   DocumentStagingBenchmarks.SourceGeneratedSerialize: ShortRun(Toolchain=InProcessEmitToolchain, IterationCount=3, LaunchCount=1, WarmupCount=3) [PayloadBytes=1024]
//   DocumentStagingBenchmarks.StageEightDocuments: ShortRun(Toolchain=InProcessEmitToolchain, IterationCount=3, LaunchCount=1, WarmupCount=3) [PayloadBytes=1024]
//   DocumentStagingBenchmarks.SourceGeneratedSerialize: ShortRun(Toolchain=InProcessEmitToolchain, IterationCount=3, LaunchCount=1, WarmupCount=3) [PayloadBytes=65536]
//   DocumentStagingBenchmarks.StageEightDocuments: ShortRun(Toolchain=InProcessEmitToolchain, IterationCount=3, LaunchCount=1, WarmupCount=3) [PayloadBytes=65536]
//   DocumentStagingBenchmarks.SourceGeneratedSerialize: ShortRun(Toolchain=InProcessEmitToolchain, IterationCount=3, LaunchCount=1, WarmupCount=3) [PayloadBytes=1048576]
//   DocumentStagingBenchmarks.StageEightDocuments: ShortRun(Toolchain=InProcessEmitToolchain, IterationCount=3, LaunchCount=1, WarmupCount=3) [PayloadBytes=1048576]

Setup power plan (GUID: 8c5e7fda-e8bf-4a96-9a85-a6e23a8c635c FriendlyName: High performance)
// **************************
// Benchmark: DocumentStagingBenchmarks.SourceGeneratedSerialize: ShortRun(Toolchain=InProcessEmitToolchain, IterationCount=3, LaunchCount=1, WarmupCount=3) [PayloadBytes=1024]
// *** Execute ***
// Launch: 1 / 1

// Benchmark Process Environment Information:
// BenchmarkDotNet v0.15.8
// Runtime=.NET 10.0.12 (10.0.12, 10.0.1226.42308), X64 RyuJIT x86-64-v3
// GC=Concurrent Workstation
// HardwareIntrinsics=AVX2+BMI1+BMI2+F16C+FMA+LZCNT+MOVBE,AVX,SSE3+SSSE3+SSE4.1+SSE4.2+POPCNT,X86Base+SSE+SSE2,AES+PCLMUL VectorSize=256
// Job: Job-ZYJCSJ(Toolchain=InProcessEmitToolchain, IterationCount=3, LaunchCount=1, WarmupCount=3)

OverheadJitting  1: 1 op, 200600.00 ns, 200.6000 us/op
WorkloadJitting  1: 1 op, 297000.00 ns, 297.0000 us/op

OverheadJitting  2: 16 op, 442700.00 ns, 27.6688 us/op
WorkloadJitting  2: 16 op, 512200.00 ns, 32.0125 us/op

WorkloadPilot    1: 16 op, 78700.00 ns, 4.9188 us/op
WorkloadPilot    2: 32 op, 138800.00 ns, 4.3375 us/op
WorkloadPilot    3: 64 op, 285700.00 ns, 4.4641 us/op
WorkloadPilot    4: 128 op, 555600.00 ns, 4.3406 us/op
WorkloadPilot    5: 256 op, 914200.00 ns, 3.5711 us/op
WorkloadPilot    6: 512 op, 1886800.00 ns, 3.6852 us/op
WorkloadPilot    7: 1024 op, 3515200.00 ns, 3.4328 us/op
WorkloadPilot    8: 2048 op, 7221800.00 ns, 3.5263 us/op
WorkloadPilot    9: 4096 op, 14136100.00 ns, 3.4512 us/op
WorkloadPilot   10: 8192 op, 28248300.00 ns, 3.4483 us/op
WorkloadPilot   11: 16384 op, 57088800.00 ns, 3.4844 us/op
WorkloadPilot   12: 32768 op, 121767100.00 ns, 3.7160 us/op
WorkloadPilot   13: 65536 op, 183911300.00 ns, 2.8063 us/op
WorkloadPilot   14: 131072 op, 206323100.00 ns, 1.5741 us/op
WorkloadPilot   15: 262144 op, 403595000.00 ns, 1.5396 us/op
WorkloadPilot   16: 524288 op, 857685500.00 ns, 1.6359 us/op

OverheadWarmup   1: 524288 op, 1198800.00 ns, 2.2865 ns/op
OverheadWarmup   2: 524288 op, 1197100.00 ns, 2.2833 ns/op
OverheadWarmup   3: 524288 op, 1228000.00 ns, 2.3422 ns/op
OverheadWarmup   4: 524288 op, 1200700.00 ns, 2.2902 ns/op
OverheadWarmup   5: 524288 op, 1203700.00 ns, 2.2959 ns/op
OverheadWarmup   6: 524288 op, 1213500.00 ns, 2.3146 ns/op
OverheadWarmup   7: 524288 op, 1203500.00 ns, 2.2955 ns/op

OverheadActual   1: 524288 op, 1198500.00 ns, 2.2860 ns/op
OverheadActual   2: 524288 op, 1278900.00 ns, 2.4393 ns/op
OverheadActual   3: 524288 op, 1197400.00 ns, 2.2839 ns/op
OverheadActual   4: 524288 op, 1197200.00 ns, 2.2835 ns/op
OverheadActual   5: 524288 op, 1208300.00 ns, 2.3046 ns/op
OverheadActual   6: 524288 op, 1203600.00 ns, 2.2957 ns/op
OverheadActual   7: 524288 op, 1231800.00 ns, 2.3495 ns/op
OverheadActual   8: 524288 op, 1197000.00 ns, 2.2831 ns/op
OverheadActual   9: 524288 op, 1198100.00 ns, 2.2852 ns/op
OverheadActual  10: 524288 op, 1203600.00 ns, 2.2957 ns/op
OverheadActual  11: 524288 op, 1203600.00 ns, 2.2957 ns/op
OverheadActual  12: 524288 op, 1206600.00 ns, 2.3014 ns/op
OverheadActual  13: 524288 op, 1233500.00 ns, 2.3527 ns/op
OverheadActual  14: 524288 op, 1201000.00 ns, 2.2907 ns/op
OverheadActual  15: 524288 op, 1215900.00 ns, 2.3191 ns/op

WorkloadWarmup   1: 524288 op, 842938300.00 ns, 1.6078 us/op
WorkloadWarmup   2: 524288 op, 877635000.00 ns, 1.6740 us/op
WorkloadWarmup   3: 524288 op, 824044000.00 ns, 1.5717 us/op

WorkloadActual   1: 524288 op, 852215800.00 ns, 1.6255 us/op
WorkloadActual   2: 524288 op, 837618500.00 ns, 1.5976 us/op
WorkloadActual   3: 524288 op, 823050200.00 ns, 1.5698 us/op

WorkloadResult   1: 524288 op, 851012200.00 ns, 1.6232 us/op
WorkloadResult   2: 524288 op, 836414900.00 ns, 1.5953 us/op
WorkloadResult   3: 524288 op, 821846600.00 ns, 1.5675 us/op
// GC:  36 0 0 616562688 524288
// Threading:  0 0 524288


Mean = 1.595 us, StdErr = 0.016 us (1.01%), N = 3, StdDev = 0.028 us
Min = 1.568 us, Q1 = 1.581 us, Median = 1.595 us, Q3 = 1.609 us, Max = 1.623 us
IQR = 0.028 us, LowerFence = 1.540 us, UpperFence = 1.651 us
ConfidenceInterval = [1.088 us; 2.103 us] (CI 99.9%), Margin = 0.507 us (31.81% of Mean)
Skewness = 0, Kurtosis = 0.67, MValue = 2

// ** Remained 5 (83.3%) benchmark(s) to run. Estimated finish 2026-09-27 23:04 (0h 0m from now) **
Setup power plan (GUID: 8c5e7fda-e8bf-4a96-9a85-a6e23a8c635c FriendlyName: High performance)
// **************************
// Benchmark: DocumentStagingBenchmarks.StageEightDocuments: ShortRun(Toolchain=InProcessEmitToolchain, IterationCount=3, LaunchCount=1, WarmupCount=3) [PayloadBytes=1024]
// *** Execute ***
// Launch: 1 / 1

// Benchmark Process Environment Information:
// BenchmarkDotNet v0.15.8
// Runtime=.NET 10.0.12 (10.0.12, 10.0.1226.42308), X64 RyuJIT x86-64-v3
// GC=Concurrent Workstation
// HardwareIntrinsics=AVX2+BMI1+BMI2+F16C+FMA+LZCNT+MOVBE,AVX,SSE3+SSSE3+SSE4.1+SSE4.2+POPCNT,X86Base+SSE+SSE2,AES+PCLMUL VectorSize=256
// Job: Job-ZYJCSJ(Toolchain=InProcessEmitToolchain, IterationCount=3, LaunchCount=1, WarmupCount=3)

OverheadJitting  1: 1 op, 243700.00 ns, 243.7000 us/op
WorkloadJitting  1: 1 op, 4471400.00 ns, 4.4714 ms/op

OverheadJitting  2: 16 op, 345000.00 ns, 21.5625 us/op
WorkloadJitting  2: 16 op, 1093600.00 ns, 68.3500 us/op

WorkloadPilot    1: 16 op, 656700.00 ns, 41.0438 us/op
WorkloadPilot    2: 32 op, 1294500.00 ns, 40.4531 us/op
WorkloadPilot    3: 64 op, 2741500.00 ns, 42.8359 us/op
WorkloadPilot    4: 128 op, 4998500.00 ns, 39.0508 us/op
WorkloadPilot    5: 256 op, 10876200.00 ns, 42.4852 us/op
WorkloadPilot    6: 512 op, 25561000.00 ns, 49.9238 us/op
WorkloadPilot    7: 1024 op, 55009500.00 ns, 53.7202 us/op
WorkloadPilot    8: 2048 op, 114618900.00 ns, 55.9663 us/op
WorkloadPilot    9: 4096 op, 181209000.00 ns, 44.2405 us/op
WorkloadPilot   10: 8192 op, 411060400.00 ns, 50.1783 us/op
WorkloadPilot   11: 16384 op, 623754900.00 ns, 38.0710 us/op

OverheadWarmup   1: 16384 op, 31400.00 ns, 1.9165 ns/op
OverheadWarmup   2: 16384 op, 19600.00 ns, 1.1963 ns/op
OverheadWarmup   3: 16384 op, 28400.00 ns, 1.7334 ns/op
OverheadWarmup   4: 16384 op, 31000.00 ns, 1.8921 ns/op
OverheadWarmup   5: 16384 op, 19600.00 ns, 1.1963 ns/op
OverheadWarmup   6: 16384 op, 19700.00 ns, 1.2024 ns/op
OverheadWarmup   7: 16384 op, 19500.00 ns, 1.1902 ns/op

OverheadActual   1: 16384 op, 19500.00 ns, 1.1902 ns/op
OverheadActual   2: 16384 op, 19800.00 ns, 1.2085 ns/op
OverheadActual   3: 16384 op, 26000.00 ns, 1.5869 ns/op
OverheadActual   4: 16384 op, 19600.00 ns, 1.1963 ns/op
OverheadActual   5: 16384 op, 26000.00 ns, 1.5869 ns/op
OverheadActual   6: 16384 op, 19500.00 ns, 1.1902 ns/op
OverheadActual   7: 16384 op, 25100.00 ns, 1.5320 ns/op
OverheadActual   8: 16384 op, 33600.00 ns, 2.0508 ns/op
OverheadActual   9: 16384 op, 25600.00 ns, 1.5625 ns/op
OverheadActual  10: 16384 op, 26600.00 ns, 1.6235 ns/op
OverheadActual  11: 16384 op, 19600.00 ns, 1.1963 ns/op
OverheadActual  12: 16384 op, 19600.00 ns, 1.1963 ns/op
OverheadActual  13: 16384 op, 24500.00 ns, 1.4954 ns/op
OverheadActual  14: 16384 op, 19700.00 ns, 1.2024 ns/op
OverheadActual  15: 16384 op, 19600.00 ns, 1.1963 ns/op
OverheadActual  16: 16384 op, 19500.00 ns, 1.1902 ns/op
OverheadActual  17: 16384 op, 19500.00 ns, 1.1902 ns/op
OverheadActual  18: 16384 op, 19600.00 ns, 1.1963 ns/op
OverheadActual  19: 16384 op, 24200.00 ns, 1.4771 ns/op
OverheadActual  20: 16384 op, 28100.00 ns, 1.7151 ns/op

WorkloadWarmup   1: 16384 op, 468052100.00 ns, 28.5676 us/op
WorkloadWarmup   2: 16384 op, 422312100.00 ns, 25.7759 us/op
WorkloadWarmup   3: 16384 op, 396553900.00 ns, 24.2037 us/op

WorkloadActual   1: 16384 op, 395314000.00 ns, 24.1281 us/op
WorkloadActual   2: 16384 op, 406393500.00 ns, 24.8043 us/op
WorkloadActual   3: 16384 op, 401871300.00 ns, 24.5283 us/op

WorkloadResult   1: 16384 op, 395294250.00 ns, 24.1268 us/op
WorkloadResult   2: 16384 op, 406373750.00 ns, 24.8031 us/op
WorkloadResult   3: 16384 op, 401851550.00 ns, 24.5271 us/op
// GC:  39 1 0 661916624 16384
// Threading:  0 0 16384


Mean = 24.486 us, StdErr = 0.196 us (0.80%), N = 3, StdDev = 0.340 us
Min = 24.127 us, Q1 = 24.327 us, Median = 24.527 us, Q3 = 24.665 us, Max = 24.803 us
IQR = 0.338 us, LowerFence = 23.820 us, UpperFence = 25.172 us
ConfidenceInterval = [18.283 us; 30.689 us] (CI 99.9%), Margin = 6.203 us (25.33% of Mean)
Skewness = -0.12, Kurtosis = 0.67, MValue = 2

// ** Remained 4 (66.7%) benchmark(s) to run. Estimated finish 2026-09-27 23:04 (0h 0m from now) **
Setup power plan (GUID: 8c5e7fda-e8bf-4a96-9a85-a6e23a8c635c FriendlyName: High performance)
// **************************
// Benchmark: DocumentStagingBenchmarks.SourceGeneratedSerialize: ShortRun(Toolchain=InProcessEmitToolchain, IterationCount=3, LaunchCount=1, WarmupCount=3) [PayloadBytes=65536]
// *** Execute ***
// Launch: 1 / 1

// Benchmark Process Environment Information:
// BenchmarkDotNet v0.15.8
// Runtime=.NET 10.0.12 (10.0.12, 10.0.1226.42308), X64 RyuJIT x86-64-v3
// GC=Concurrent Workstation
// HardwareIntrinsics=AVX2+BMI1+BMI2+F16C+FMA+LZCNT+MOVBE,AVX,SSE3+SSSE3+SSE4.1+SSE4.2+POPCNT,X86Base+SSE+SSE2,AES+PCLMUL VectorSize=256
// Job: Job-ZYJCSJ(Toolchain=InProcessEmitToolchain, IterationCount=3, LaunchCount=1, WarmupCount=3)

OverheadJitting  1: 1 op, 240100.00 ns, 240.1000 us/op
WorkloadJitting  1: 1 op, 281900.00 ns, 281.9000 us/op

OverheadJitting  2: 16 op, 449000.00 ns, 28.0625 us/op
WorkloadJitting  2: 16 op, 2008300.00 ns, 125.5188 us/op

WorkloadPilot    1: 16 op, 1795500.00 ns, 112.2188 us/op
WorkloadPilot    2: 32 op, 3250000.00 ns, 101.5625 us/op
WorkloadPilot    3: 64 op, 6433300.00 ns, 100.5203 us/op
WorkloadPilot    4: 128 op, 13492600.00 ns, 105.4109 us/op
WorkloadPilot    5: 256 op, 27560300.00 ns, 107.6574 us/op
WorkloadPilot    6: 512 op, 54783800.00 ns, 106.9996 us/op
WorkloadPilot    7: 1024 op, 108922000.00 ns, 106.3691 us/op
WorkloadPilot    8: 2048 op, 240895200.00 ns, 117.6246 us/op
WorkloadPilot    9: 4096 op, 418651500.00 ns, 102.2098 us/op
WorkloadPilot   10: 8192 op, 855354700.00 ns, 104.4134 us/op

OverheadWarmup   1: 8192 op, 27500.00 ns, 3.3569 ns/op
OverheadWarmup   2: 8192 op, 19500.00 ns, 2.3804 ns/op
OverheadWarmup   3: 8192 op, 19400.00 ns, 2.3682 ns/op
OverheadWarmup   4: 8192 op, 19400.00 ns, 2.3682 ns/op
OverheadWarmup   5: 8192 op, 19500.00 ns, 2.3804 ns/op
OverheadWarmup   6: 8192 op, 19400.00 ns, 2.3682 ns/op
OverheadWarmup   7: 8192 op, 25000.00 ns, 3.0518 ns/op

OverheadActual   1: 8192 op, 19400.00 ns, 2.3682 ns/op
OverheadActual   2: 8192 op, 19400.00 ns, 2.3682 ns/op
OverheadActual   3: 8192 op, 19400.00 ns, 2.3682 ns/op
OverheadActual   4: 8192 op, 19400.00 ns, 2.3682 ns/op
OverheadActual   5: 8192 op, 19400.00 ns, 2.3682 ns/op
OverheadActual   6: 8192 op, 19300.00 ns, 2.3560 ns/op
OverheadActual   7: 8192 op, 19300.00 ns, 2.3560 ns/op
OverheadActual   8: 8192 op, 19300.00 ns, 2.3560 ns/op
OverheadActual   9: 8192 op, 19300.00 ns, 2.3560 ns/op
OverheadActual  10: 8192 op, 19200.00 ns, 2.3438 ns/op
OverheadActual  11: 8192 op, 19200.00 ns, 2.3438 ns/op
OverheadActual  12: 8192 op, 19300.00 ns, 2.3560 ns/op
OverheadActual  13: 8192 op, 19300.00 ns, 2.3560 ns/op
OverheadActual  14: 8192 op, 19400.00 ns, 2.3682 ns/op
OverheadActual  15: 8192 op, 19300.00 ns, 2.3560 ns/op

WorkloadWarmup   1: 8192 op, 839473300.00 ns, 102.4748 us/op
WorkloadWarmup   2: 8192 op, 864226500.00 ns, 105.4964 us/op
WorkloadWarmup   3: 8192 op, 856752600.00 ns, 104.5841 us/op

WorkloadActual   1: 8192 op, 837264100.00 ns, 102.2051 us/op
WorkloadActual   2: 8192 op, 843100400.00 ns, 102.9175 us/op
WorkloadActual   3: 8192 op, 891798800.00 ns, 108.8622 us/op

WorkloadResult   1: 8192 op, 837244800.00 ns, 102.2027 us/op
WorkloadResult   2: 8192 op, 843081100.00 ns, 102.9152 us/op
WorkloadResult   3: 8192 op, 891779500.00 ns, 108.8598 us/op
// GC:  34 0 0 581897232 8192
// Threading:  0 0 8192


Mean = 104.659 us, StdErr = 2.110 us (2.02%), N = 3, StdDev = 3.655 us
Min = 102.203 us, Q1 = 102.559 us, Median = 102.915 us, Q3 = 105.887 us, Max = 108.860 us
IQR = 3.329 us, LowerFence = 97.566 us, UpperFence = 110.880 us
ConfidenceInterval = [37.975 us; 171.344 us] (CI 99.9%), Margin = 66.684 us (63.72% of Mean)
Skewness = 0.37, Kurtosis = 0.67, MValue = 2

// ** Remained 3 (50.0%) benchmark(s) to run. Estimated finish 2026-09-27 23:04 (0h 0m from now) **
Setup power plan (GUID: 8c5e7fda-e8bf-4a96-9a85-a6e23a8c635c FriendlyName: High performance)
// **************************
// Benchmark: DocumentStagingBenchmarks.StageEightDocuments: ShortRun(Toolchain=InProcessEmitToolchain, IterationCount=3, LaunchCount=1, WarmupCount=3) [PayloadBytes=65536]
// *** Execute ***
// Launch: 1 / 1

// Benchmark Process Environment Information:
// BenchmarkDotNet v0.15.8
// Runtime=.NET 10.0.12 (10.0.12, 10.0.1226.42308), X64 RyuJIT x86-64-v3
// GC=Concurrent Workstation
// HardwareIntrinsics=AVX2+BMI1+BMI2+F16C+FMA+LZCNT+MOVBE,AVX,SSE3+SSSE3+SSE4.1+SSE4.2+POPCNT,X86Base+SSE+SSE2,AES+PCLMUL VectorSize=256
// Job: Job-ZYJCSJ(Toolchain=InProcessEmitToolchain, IterationCount=3, LaunchCount=1, WarmupCount=3)

OverheadJitting  1: 1 op, 196600.00 ns, 196.6000 us/op
WorkloadJitting  1: 1 op, 1718100.00 ns, 1.7181 ms/op

OverheadJitting  2: 16 op, 324100.00 ns, 20.2563 us/op
WorkloadJitting  2: 16 op, 24506300.00 ns, 1.5316 ms/op

WorkloadPilot    1: 16 op, 23431300.00 ns, 1.4645 ms/op
WorkloadPilot    2: 32 op, 49833300.00 ns, 1.5573 ms/op
WorkloadPilot    3: 64 op, 95675900.00 ns, 1.4949 ms/op
WorkloadPilot    4: 128 op, 182907700.00 ns, 1.4290 ms/op
WorkloadPilot    5: 256 op, 410657700.00 ns, 1.6041 ms/op
WorkloadPilot    6: 512 op, 894579500.00 ns, 1.7472 ms/op

OverheadWarmup   1: 512 op, 4600.00 ns, 8.9844 ns/op
OverheadWarmup   2: 512 op, 900.00 ns, 1.7578 ns/op
OverheadWarmup   3: 512 op, 800.00 ns, 1.5625 ns/op
OverheadWarmup   4: 512 op, 800.00 ns, 1.5625 ns/op
OverheadWarmup   5: 512 op, 1200.00 ns, 2.3438 ns/op
OverheadWarmup   6: 512 op, 1000.00 ns, 1.9531 ns/op
OverheadWarmup   7: 512 op, 1200.00 ns, 2.3438 ns/op

OverheadActual   1: 512 op, 1200.00 ns, 2.3438 ns/op
OverheadActual   2: 512 op, 900.00 ns, 1.7578 ns/op
OverheadActual   3: 512 op, 900.00 ns, 1.7578 ns/op
OverheadActual   4: 512 op, 900.00 ns, 1.7578 ns/op
OverheadActual   5: 512 op, 1400.00 ns, 2.7344 ns/op
OverheadActual   6: 512 op, 1500.00 ns, 2.9297 ns/op
OverheadActual   7: 512 op, 1000.00 ns, 1.9531 ns/op
OverheadActual   8: 512 op, 1000.00 ns, 1.9531 ns/op
OverheadActual   9: 512 op, 900.00 ns, 1.7578 ns/op
OverheadActual  10: 512 op, 900.00 ns, 1.7578 ns/op
OverheadActual  11: 512 op, 900.00 ns, 1.7578 ns/op
OverheadActual  12: 512 op, 800.00 ns, 1.5625 ns/op
OverheadActual  13: 512 op, 700.00 ns, 1.3672 ns/op
OverheadActual  14: 512 op, 900.00 ns, 1.7578 ns/op
OverheadActual  15: 512 op, 800.00 ns, 1.5625 ns/op
OverheadActual  16: 512 op, 900.00 ns, 1.7578 ns/op
OverheadActual  17: 512 op, 800.00 ns, 1.5625 ns/op
OverheadActual  18: 512 op, 800.00 ns, 1.5625 ns/op
OverheadActual  19: 512 op, 900.00 ns, 1.7578 ns/op
OverheadActual  20: 512 op, 900.00 ns, 1.7578 ns/op

WorkloadWarmup   1: 512 op, 969299400.00 ns, 1.8932 ms/op
WorkloadWarmup   2: 512 op, 851870900.00 ns, 1.6638 ms/op
WorkloadWarmup   3: 512 op, 831858100.00 ns, 1.6247 ms/op

WorkloadActual   1: 512 op, 830646100.00 ns, 1.6224 ms/op
WorkloadActual   2: 512 op, 819087600.00 ns, 1.5998 ms/op
WorkloadActual   3: 512 op, 820181200.00 ns, 1.6019 ms/op

WorkloadResult   1: 512 op, 830645200.00 ns, 1.6224 ms/op
WorkloadResult   2: 512 op, 819086700.00 ns, 1.5998 ms/op
WorkloadResult   3: 512 op, 820180300.00 ns, 1.6019 ms/op
// GC:  355 327 320 1750127664 512
// Threading:  0 0 512


Mean = 1.608 ms, StdErr = 0.007 ms (0.45%), N = 3, StdDev = 0.012 ms
Min = 1.600 ms, Q1 = 1.601 ms, Median = 1.602 ms, Q3 = 1.612 ms, Max = 1.622 ms
IQR = 0.011 ms, LowerFence = 1.584 ms, UpperFence = 1.629 ms
ConfidenceInterval = [1.381 ms; 1.835 ms] (CI 99.9%), Margin = 0.227 ms (14.14% of Mean)
Skewness = 0.37, Kurtosis = 0.67, MValue = 2

// ** Remained 2 (33.3%) benchmark(s) to run. Estimated finish 2026-09-27 23:04 (0h 0m from now) **
Setup power plan (GUID: 8c5e7fda-e8bf-4a96-9a85-a6e23a8c635c FriendlyName: High performance)
// **************************
// Benchmark: DocumentStagingBenchmarks.SourceGeneratedSerialize: ShortRun(Toolchain=InProcessEmitToolchain, IterationCount=3, LaunchCount=1, WarmupCount=3) [PayloadBytes=1048576]
// *** Execute ***
// Launch: 1 / 1

// Benchmark Process Environment Information:
// BenchmarkDotNet v0.15.8
// Runtime=.NET 10.0.12 (10.0.12, 10.0.1226.42308), X64 RyuJIT x86-64-v3
// GC=Concurrent Workstation
// HardwareIntrinsics=AVX2+BMI1+BMI2+F16C+FMA+LZCNT+MOVBE,AVX,SSE3+SSSE3+SSE4.1+SSE4.2+POPCNT,X86Base+SSE+SSE2,AES+PCLMUL VectorSize=256
// Job: Job-ZYJCSJ(Toolchain=InProcessEmitToolchain, IterationCount=3, LaunchCount=1, WarmupCount=3)

OverheadJitting  1: 1 op, 200700.00 ns, 200.7000 us/op
WorkloadJitting  1: 1 op, 1880700.00 ns, 1.8807 ms/op

OverheadJitting  2: 16 op, 508100.00 ns, 31.7563 us/op
WorkloadJitting  2: 16 op, 27562300.00 ns, 1.7226 ms/op

WorkloadPilot    1: 16 op, 27704600.00 ns, 1.7315 ms/op
WorkloadPilot    2: 32 op, 53124900.00 ns, 1.6602 ms/op
WorkloadPilot    3: 64 op, 106160800.00 ns, 1.6588 ms/op
WorkloadPilot    4: 128 op, 214282200.00 ns, 1.6741 ms/op
WorkloadPilot    5: 256 op, 457818400.00 ns, 1.7884 ms/op
WorkloadPilot    6: 512 op, 915273700.00 ns, 1.7876 ms/op

OverheadWarmup   1: 512 op, 4500.00 ns, 8.7891 ns/op
OverheadWarmup   2: 512 op, 2700.00 ns, 5.2734 ns/op
OverheadWarmup   3: 512 op, 1500.00 ns, 2.9297 ns/op
OverheadWarmup   4: 512 op, 1500.00 ns, 2.9297 ns/op
OverheadWarmup   5: 512 op, 1600.00 ns, 3.1250 ns/op
OverheadWarmup   6: 512 op, 1500.00 ns, 2.9297 ns/op
OverheadWarmup   7: 512 op, 1500.00 ns, 2.9297 ns/op

OverheadActual   1: 512 op, 1500.00 ns, 2.9297 ns/op
OverheadActual   2: 512 op, 1500.00 ns, 2.9297 ns/op
OverheadActual   3: 512 op, 1600.00 ns, 3.1250 ns/op
OverheadActual   4: 512 op, 1500.00 ns, 2.9297 ns/op
OverheadActual   5: 512 op, 1600.00 ns, 3.1250 ns/op
OverheadActual   6: 512 op, 1500.00 ns, 2.9297 ns/op
OverheadActual   7: 512 op, 1600.00 ns, 3.1250 ns/op
OverheadActual   8: 512 op, 1600.00 ns, 3.1250 ns/op
OverheadActual   9: 512 op, 1500.00 ns, 2.9297 ns/op
OverheadActual  10: 512 op, 1600.00 ns, 3.1250 ns/op
OverheadActual  11: 512 op, 1600.00 ns, 3.1250 ns/op
OverheadActual  12: 512 op, 2100.00 ns, 4.1016 ns/op
OverheadActual  13: 512 op, 1600.00 ns, 3.1250 ns/op
OverheadActual  14: 512 op, 1600.00 ns, 3.1250 ns/op
OverheadActual  15: 512 op, 2400.00 ns, 4.6875 ns/op

WorkloadWarmup   1: 512 op, 877092500.00 ns, 1.7131 ms/op
WorkloadWarmup   2: 512 op, 864683900.00 ns, 1.6888 ms/op
WorkloadWarmup   3: 512 op, 855611500.00 ns, 1.6711 ms/op

WorkloadActual   1: 512 op, 886651000.00 ns, 1.7317 ms/op
WorkloadActual   2: 512 op, 850997400.00 ns, 1.6621 ms/op
WorkloadActual   3: 512 op, 864026600.00 ns, 1.6876 ms/op

WorkloadResult   1: 512 op, 886649400.00 ns, 1.7317 ms/op
WorkloadResult   2: 512 op, 850995800.00 ns, 1.6621 ms/op
WorkloadResult   3: 512 op, 864025000.00 ns, 1.6875 ms/op
// GC:  22 22 22 578938752 512
// Threading:  0 0 512


Mean = 1.694 ms, StdErr = 0.020 ms (1.20%), N = 3, StdDev = 0.035 ms
Min = 1.662 ms, Q1 = 1.675 ms, Median = 1.688 ms, Q3 = 1.710 ms, Max = 1.732 ms
IQR = 0.035 ms, LowerFence = 1.623 ms, UpperFence = 1.762 ms
ConfidenceInterval = [1.051 ms; 2.337 ms] (CI 99.9%), Margin = 0.643 ms (37.95% of Mean)
Skewness = 0.17, Kurtosis = 0.67, MValue = 2

// ** Remained 1 (16.7%) benchmark(s) to run. Estimated finish 2026-09-27 23:04 (0h 0m from now) **
Setup power plan (GUID: 8c5e7fda-e8bf-4a96-9a85-a6e23a8c635c FriendlyName: High performance)
// **************************
// Benchmark: DocumentStagingBenchmarks.StageEightDocuments: ShortRun(Toolchain=InProcessEmitToolchain, IterationCount=3, LaunchCount=1, WarmupCount=3) [PayloadBytes=1048576]
// *** Execute ***
// Launch: 1 / 1

// Benchmark Process Environment Information:
// BenchmarkDotNet v0.15.8
// Runtime=.NET 10.0.12 (10.0.12, 10.0.1226.42308), X64 RyuJIT x86-64-v3
// GC=Concurrent Workstation
// HardwareIntrinsics=AVX2+BMI1+BMI2+F16C+FMA+LZCNT+MOVBE,AVX,SSE3+SSSE3+SSE4.1+SSE4.2+POPCNT,X86Base+SSE+SSE2,AES+PCLMUL VectorSize=256
// Job: Job-ZYJCSJ(Toolchain=InProcessEmitToolchain, IterationCount=3, LaunchCount=1, WarmupCount=3)

OverheadJitting  1: 1 op, 232700.00 ns, 232.7000 us/op
WorkloadJitting  1: 1 op, 26744500.00 ns, 26.7445 ms/op

OverheadJitting  2: 16 op, 401800.00 ns, 25.1125 us/op
WorkloadJitting  2: 16 op, 477207700.00 ns, 29.8255 ms/op

WorkloadPilot    1: 16 op, 473329000.00 ns, 29.5831 ms/op
WorkloadPilot    2: 32 op, 913741900.00 ns, 28.5544 ms/op

OverheadWarmup   1: 32 op, 3400.00 ns, 106.2500 ns/op
OverheadWarmup   2: 32 op, 400.00 ns, 12.5000 ns/op
OverheadWarmup   3: 32 op, 400.00 ns, 12.5000 ns/op
OverheadWarmup   4: 32 op, 300.00 ns, 9.3750 ns/op
OverheadWarmup   5: 32 op, 300.00 ns, 9.3750 ns/op
OverheadWarmup   6: 32 op, 300.00 ns, 9.3750 ns/op

OverheadActual   1: 32 op, 300.00 ns, 9.3750 ns/op
OverheadActual   2: 32 op, 300.00 ns, 9.3750 ns/op
OverheadActual   3: 32 op, 300.00 ns, 9.3750 ns/op
OverheadActual   4: 32 op, 300.00 ns, 9.3750 ns/op
OverheadActual   5: 32 op, 400.00 ns, 12.5000 ns/op
OverheadActual   6: 32 op, 300.00 ns, 9.3750 ns/op
OverheadActual   7: 32 op, 300.00 ns, 9.3750 ns/op
OverheadActual   8: 32 op, 300.00 ns, 9.3750 ns/op
OverheadActual   9: 32 op, 300.00 ns, 9.3750 ns/op
OverheadActual  10: 32 op, 300.00 ns, 9.3750 ns/op
OverheadActual  11: 32 op, 400.00 ns, 12.5000 ns/op
OverheadActual  12: 32 op, 300.00 ns, 9.3750 ns/op
OverheadActual  13: 32 op, 300.00 ns, 9.3750 ns/op
OverheadActual  14: 32 op, 300.00 ns, 9.3750 ns/op
OverheadActual  15: 32 op, 300.00 ns, 9.3750 ns/op

WorkloadWarmup   1: 32 op, 899172700.00 ns, 28.0991 ms/op
WorkloadWarmup   2: 32 op, 875021600.00 ns, 27.3444 ms/op
WorkloadWarmup   3: 32 op, 869722600.00 ns, 27.1788 ms/op

WorkloadActual   1: 32 op, 891719100.00 ns, 27.8662 ms/op
WorkloadActual   2: 32 op, 898693500.00 ns, 28.0842 ms/op
WorkloadActual   3: 32 op, 916812500.00 ns, 28.6504 ms/op

WorkloadResult   1: 32 op, 891718800.00 ns, 27.8662 ms/op
WorkloadResult   2: 32 op, 898693200.00 ns, 28.0842 ms/op
WorkloadResult   3: 32 op, 916812200.00 ns, 28.6504 ms/op
// GC:  28 28 28 1736756160 32
// Threading:  0 0 32


Mean = 28.200 ms, StdErr = 0.234 ms (0.83%), N = 3, StdDev = 0.405 ms
Min = 27.866 ms, Q1 = 27.975 ms, Median = 28.084 ms, Q3 = 28.367 ms, Max = 28.650 ms
IQR = 0.392 ms, LowerFence = 27.387 ms, UpperFence = 28.955 ms
ConfidenceInterval = [20.816 ms; 35.585 ms] (CI 99.9%), Margin = 7.384 ms (26.19% of Mean)
Skewness = 0.26, Kurtosis = 0.67, MValue = 2

// ** Remained 0 (0.0%) benchmark(s) to run. Estimated finish 2026-09-27 23:04 (0h 0m from now) **
Successfully reverted power plan (GUID: 8c5e7fda-e8bf-4a96-9a85-a6e23a8c635c FriendlyName: High performance)
// ***** BenchmarkRunner: Finish  *****

// * Export *
  artifacts\documents-load\allocation-pair\baseline\results\BlueTusk.Documents.LoadHarness.DocumentStagingBenchmarks-report.csv
// Wrong assembly binding redirects for System.Management, loading it from disk anyway.
  artifacts\documents-load\allocation-pair\baseline\results\BlueTusk.Documents.LoadHarness.DocumentStagingBenchmarks-report-github.md
  artifacts\documents-load\allocation-pair\baseline\results\BlueTusk.Documents.LoadHarness.DocumentStagingBenchmarks-report.html
  artifacts\documents-load\allocation-pair\baseline\results\BlueTusk.Documents.LoadHarness.DocumentStagingBenchmarks-report-brief.json

// * Detailed results *
DocumentStagingBenchmarks.SourceGeneratedSerialize: ShortRun(Toolchain=InProcessEmitToolchain, IterationCount=3, LaunchCount=1, WarmupCount=3) [PayloadBytes=1024]
Runtime = ; GC = 
Mean = 1.595 us, StdErr = 0.016 us (1.01%), N = 3, StdDev = 0.028 us
Min = 1.568 us, Q1 = 1.581 us, Median = 1.595 us, Q3 = 1.609 us, Max = 1.623 us
IQR = 0.028 us, LowerFence = 1.540 us, UpperFence = 1.651 us
ConfidenceInterval = [1.088 us; 2.103 us] (CI 99.9%), Margin = 0.507 us (31.81% of Mean)
Skewness = 0, Kurtosis = 0.67, MValue = 2
-------------------- Histogram --------------------
[1.556 us ; 1.607 us) | @@
[1.607 us ; 1.648 us) | @
---------------------------------------------------

DocumentStagingBenchmarks.StageEightDocuments: ShortRun(Toolchain=InProcessEmitToolchain, IterationCount=3, LaunchCount=1, WarmupCount=3) [PayloadBytes=1024]
Runtime = ; GC = 
Mean = 24.486 us, StdErr = 0.196 us (0.80%), N = 3, StdDev = 0.340 us
Min = 24.127 us, Q1 = 24.327 us, Median = 24.527 us, Q3 = 24.665 us, Max = 24.803 us
IQR = 0.338 us, LowerFence = 23.820 us, UpperFence = 25.172 us
ConfidenceInterval = [18.283 us; 30.689 us] (CI 99.9%), Margin = 6.203 us (25.33% of Mean)
Skewness = -0.12, Kurtosis = 0.67, MValue = 2
-------------------- Histogram --------------------
[23.817 us ; 24.356 us) | @
[24.356 us ; 24.975 us) | @@
---------------------------------------------------

DocumentStagingBenchmarks.SourceGeneratedSerialize: ShortRun(Toolchain=InProcessEmitToolchain, IterationCount=3, LaunchCount=1, WarmupCount=3) [PayloadBytes=65536]
Runtime = ; GC = 
Mean = 104.659 us, StdErr = 2.110 us (2.02%), N = 3, StdDev = 3.655 us
Min = 102.203 us, Q1 = 102.559 us, Median = 102.915 us, Q3 = 105.887 us, Max = 108.860 us
IQR = 3.329 us, LowerFence = 97.566 us, UpperFence = 110.880 us
ConfidenceInterval = [37.975 us; 171.344 us] (CI 99.9%), Margin = 66.684 us (63.72% of Mean)
Skewness = 0.37, Kurtosis = 0.67, MValue = 2
-------------------- Histogram --------------------
[ 98.876 us ; 105.885 us) | @@
[105.885 us ; 112.186 us) | @
---------------------------------------------------

DocumentStagingBenchmarks.StageEightDocuments: ShortRun(Toolchain=InProcessEmitToolchain, IterationCount=3, LaunchCount=1, WarmupCount=3) [PayloadBytes=65536]
Runtime = ; GC = 
Mean = 1.608 ms, StdErr = 0.007 ms (0.45%), N = 3, StdDev = 0.012 ms
Min = 1.600 ms, Q1 = 1.601 ms, Median = 1.602 ms, Q3 = 1.612 ms, Max = 1.622 ms
IQR = 0.011 ms, LowerFence = 1.584 ms, UpperFence = 1.629 ms
ConfidenceInterval = [1.381 ms; 1.835 ms] (CI 99.9%), Margin = 0.227 ms (14.14% of Mean)
Skewness = 0.37, Kurtosis = 0.67, MValue = 2
-------------------- Histogram --------------------
[1.600 ms ; 1.622 ms) | @@@
---------------------------------------------------

DocumentStagingBenchmarks.SourceGeneratedSerialize: ShortRun(Toolchain=InProcessEmitToolchain, IterationCount=3, LaunchCount=1, WarmupCount=3) [PayloadBytes=1048576]
Runtime = ; GC = 
Mean = 1.694 ms, StdErr = 0.020 ms (1.20%), N = 3, StdDev = 0.035 ms
Min = 1.662 ms, Q1 = 1.675 ms, Median = 1.688 ms, Q3 = 1.710 ms, Max = 1.732 ms
IQR = 0.035 ms, LowerFence = 1.623 ms, UpperFence = 1.762 ms
ConfidenceInterval = [1.051 ms; 2.337 ms] (CI 99.9%), Margin = 0.643 ms (37.95% of Mean)
Skewness = 0.17, Kurtosis = 0.67, MValue = 2
-------------------- Histogram --------------------
[1.643 ms ; 1.707 ms) | @@
[1.707 ms ; 1.764 ms) | @
---------------------------------------------------

DocumentStagingBenchmarks.StageEightDocuments: ShortRun(Toolchain=InProcessEmitToolchain, IterationCount=3, LaunchCount=1, WarmupCount=3) [PayloadBytes=1048576]
Runtime = ; GC = 
Mean = 28.200 ms, StdErr = 0.234 ms (0.83%), N = 3, StdDev = 0.405 ms
Min = 27.866 ms, Q1 = 27.975 ms, Median = 28.084 ms, Q3 = 28.367 ms, Max = 28.650 ms
IQR = 0.392 ms, LowerFence = 27.387 ms, UpperFence = 28.955 ms
ConfidenceInterval = [20.816 ms; 35.585 ms] (CI 99.9%), Margin = 7.384 ms (26.19% of Mean)
Skewness = 0.26, Kurtosis = 0.67, MValue = 2
-------------------- Histogram --------------------
[27.607 ms ; 28.344 ms) | @@
[28.344 ms ; 29.019 ms) | @
---------------------------------------------------

// * Summary *

BenchmarkDotNet v0.15.8, Windows 11 (10.0.26200.9550/25H2/2025Update/HudsonValley2)
AMD Ryzen 7 5800X 3.80GHz, 1 CPU, 16 logical and 8 physical cores
.NET SDK 10.0.303
  [Host] : .NET 10.0.12 (10.0.12, 10.0.1226.42308), X64 RyuJIT x86-64-v3

Job=ShortRun  Toolchain=InProcessEmitToolchain  IterationCount=3  
LaunchCount=1  WarmupCount=3  

| Method                   | PayloadBytes | Mean          | Error         | StdDev      | Gen0     | Gen1     | Gen2     | Allocated   |
|------------------------- |------------- |--------------:|--------------:|------------:|---------:|---------:|---------:|------------:|
| SourceGeneratedSerialize | 1024         |      1.595 us |     0.5074 us |   0.0278 us |   0.0687 |        - |        - |     1.15 KB |
| StageEightDocuments      | 1024         |     24.486 us |     6.2031 us |   0.3400 us |   2.3804 |   0.0610 |        - |    39.45 KB |
| SourceGeneratedSerialize | 65536        |    104.659 us |    66.6844 us |   3.6552 us |   4.1504 |        - |        - |    69.37 KB |
| StageEightDocuments      | 65536        |  1,608.016 us |   227.3723 us |  12.4630 us | 693.3594 | 638.6719 | 625.0000 |   3338.1 KB |
| SourceGeneratedSerialize | 1048576      |  1,693.796 us |   642.8314 us |  35.2358 us |  42.9688 |  42.9688 |  42.9688 |  1104.24 KB |
| StageEightDocuments      | 1048576      | 28,200.252 us | 7,384.4890 us | 404.7688 us | 875.0000 | 875.0000 | 875.0000 | 53001.59 KB |

// * Legends *
  PayloadBytes : Value of the 'PayloadBytes' parameter
  Mean         : Arithmetic mean of all measurements
  Error        : Half of 99.9% confidence interval
  StdDev       : Standard deviation of all measurements
  Gen0         : GC Generation 0 collects per 1000 operations
  Gen1         : GC Generation 1 collects per 1000 operations
  Gen2         : GC Generation 2 collects per 1000 operations
  Allocated    : Allocated memory per single operation (managed only, inclusive, 1KB = 1024B)
  1 us         : 1 Microsecond (0.000001 sec)

// * Diagnostic Output - MemoryDiagnoser *


// ***** BenchmarkRunner: End *****
Run time: 00:00:44 (44.9 sec), executed benchmarks: 6

Global total time: 00:00:45 (45.6 sec), executed benchmarks: 6
// * Artifacts cleanup *
Artifacts cleanup is finished
