<?xml version="1.0" encoding="utf-8"?>
<TestRun id="c5d5a98b-7d9f-4aa4-a821-06a39c23f8b1" name="jphga@HACKITRON 2026-09-27 21:59:22" runUser="HACKITRON\jphga" xmlns="http://microsoft.com/schemas/VisualStudio/TeamTest/2010">
  <Times creation="2026-09-27T21:59:22.8460883+01:00" queuing="2026-09-27T21:59:22.8460887+01:00" start="2026-09-27T21:59:20.9935069+01:00" finish="2026-09-27T21:59:25.5907216+01:00" />
  <TestSettings name="default" id="9fd79e2d-31f5-4b3c-8b60-5d18ca7a995c">
    <Deployment runDeploymentRoot="jphga_HACKITRON_2026-09-27_21_59_22" />
  </TestSettings>
  <Results>
    <UnitTestResult executionId="fee87331-687e-4635-907e-c1f411ef5f0d" testId="4ab7985a-ab1d-aa8d-4e52-02a5621e7474" testName="BlueTusk.Schema.Tests.PostgreSqlCatalogAttestationTests.Shared_role_rename_then_revert_is_attested_by_xmin_instead_of_matching_names" computerName="HACKITRON" duration="00:00:00.2725658" startTime="2026-09-27T21:59:24.1739488+01:00" endTime="2026-09-27T21:59:24.4465875+01:00" testType="13cdc9d9-ddb5-4fa4-a97d-d965ccfc6d4b" outcome="Passed" testListId="8c84fa94-04c1-424b-9868-57a2d4851a1d" relativeResultsDirectory="fee87331-687e-4635-907e-c1f411ef5f0d" />
    <UnitTestResult executionId="e2731669-8c84-4d51-8841-1dda02d2d458" testId="71beac5d-4df7-98f8-e69a-bd2f3edbf0bc" testName="BlueTusk.Schema.Tests.PostgreSqlCatalogAttestationTests.Function_change_then_revert_still_changes_tuple_version" computerName="HACKITRON" duration="00:00:00.5912948" startTime="2026-09-27T21:59:22.0463783+01:00" endTime="2026-09-27T21:59:22.6469416+01:00" testType="13cdc9d9-ddb5-4fa4-a97d-d965ccfc6d4b" outcome="Passed" testListId="8c84fa94-04c1-424b-9868-57a2d4851a1d" relativeResultsDirectory="e2731669-8c84-4d51-8841-1dda02d2d458" />
    <UnitTestResult executionId="e6eb15b0-2079-4cdc-a924-f65ba57e2ba7" testId="7a22a3f5-d37d-65ab-ab04-0dd273a10c51" testName="BlueTusk.Schema.Tests.PostgreSqlCatalogAttestationTests.Ordinary_login_requires_only_oid_xmin_grant_and_cannot_read_credential_columns" computerName="HACKITRON" duration="00:00:00.3440980" startTime="2026-09-27T21:59:24.9145429+01:00" endTime="2026-09-27T21:59:25.2586955+01:00" testType="13cdc9d9-ddb5-4fa4-a97d-d965ccfc6d4b" outcome="Passed" testListId="8c84fa94-04c1-424b-9868-57a2d4851a1d" relativeResultsDirectory="e6eb15b0-2079-4cdc-a924-f65ba57e2ba7" />
    <UnitTestResult executionId="623251df-4f3d-4bb2-9d6d-a5d54b6c318a" testId="95dc303f-1a71-75db-31a1-534905ba4e4b" testName="BlueTusk.Schema.Tests.PostgreSqlCatalogAttestationTests.Unchanged_catalogue_attests_and_preserves_borrowed_transaction_settings_and_ownership" computerName="HACKITRON" duration="00:00:00.2438760" startTime="2026-09-27T21:59:25.2600803+01:00" endTime="2026-09-27T21:59:25.5040180+01:00" testType="13cdc9d9-ddb5-4fa4-a97d-d965ccfc6d4b" outcome="Passed" testListId="8c84fa94-04c1-424b-9868-57a2d4851a1d" relativeResultsDirectory="623251df-4f3d-4bb2-9d6d-a5d54b6c318a" />
    <UnitTestResult executionId="830f08b0-0f37-4e86-af78-c7d3ff0acaa0" testId="8a88641a-f327-ff36-7ce5-b38272fde97f" testName="BlueTusk.Schema.Tests.PostgreSqlCatalogAttestationTests.Verification_routed_to_another_database_fails_closed" computerName="HACKITRON" duration="00:00:00.4652758" startTime="2026-09-27T21:59:24.4478693+01:00" endTime="2026-09-27T21:59:24.9132057+01:00" testType="13cdc9d9-ddb5-4fa4-a97d-d965ccfc6d4b" outcome="Passed" testListId="8c84fa94-04c1-424b-9868-57a2d4851a1d" relativeResultsDirectory="830f08b0-0f37-4e86-af78-c7d3ff0acaa0" />
    <UnitTestResult executionId="91bbcc41-04b0-4433-9ef1-90d72c12f277" testId="133b80c7-cd18-1131-fee4-b1fb2879a37f" testName="BlueTusk.Schema.Tests.PostgreSqlCatalogAttestationTests.Current_function_cache_and_publication_expansion_cannot_be_claimed_as_held_snapshot_metadata" computerName="HACKITRON" duration="00:00:00.2739112" startTime="2026-09-27T21:59:22.6560316+01:00" endTime="2026-09-27T21:59:22.9300389+01:00" testType="13cdc9d9-ddb5-4fa4-a97d-d965ccfc6d4b" outcome="Passed" testListId="8c84fa94-04c1-424b-9868-57a2d4851a1d" relativeResultsDirectory="91bbcc41-04b0-4433-9ef1-90d72c12f277" />
    <UnitTestResult executionId="bb9a8be2-6b3a-42e0-8ef1-7cd0af5210bc" testId="98f92824-7b38-f462-10c7-61b805e036a1" testName="BlueTusk.Schema.Tests.PostgreSqlCatalogAttestationTests.Metadata_and_pool_wait_are_bounded_and_cancellation_does_not_own_the_caller" computerName="HACKITRON" duration="00:00:01.2415433" startTime="2026-09-27T21:59:22.9314367+01:00" endTime="2026-09-27T21:59:24.1730390+01:00" testType="13cdc9d9-ddb5-4fa4-a97d-d965ccfc6d4b" outcome="Passed" testListId="8c84fa94-04c1-424b-9868-57a2d4851a1d" relativeResultsDirectory="bb9a8be2-6b3a-42e0-8ef1-7cd0af5210bc" />
  </Results>
  <TestDefinitions>
    <UnitTest name="BlueTusk.Schema.Tests.PostgreSqlCatalogAttestationTests.Verification_routed_to_another_database_fails_closed" storage="c:\users\jphga\.codex\worktrees\ecosystem-products\bluetusk\tests\bluetusk.schema.tests\bin\release\net10.0\bluetusk.schema.tests.dll" id="8a88641a-f327-ff36-7ce5-b38272fde97f">
      <Execution id="830f08b0-0f37-4e86-af78-c7d3ff0acaa0" />
      <TestMethod codeBase="C:\Users\jphga\.codex\worktrees\ecosystem-products\BlueTusk\tests\BlueTusk.Schema.Tests\bin\Release\net10.0\BlueTusk.Schema.Tests.dll" adapterTypeName="executor://xunit/VsTestRunner3/netcore/" className="BlueTusk.Schema.Tests.PostgreSqlCatalogAttestationTests" name="Verification_routed_to_another_database_fails_closed" />
    </UnitTest>
    <UnitTest name="BlueTusk.Schema.Tests.PostgreSqlCatalogAttestationTests.Metadata_and_pool_wait_are_bounded_and_cancellation_does_not_own_the_caller" storage="c:\users\jphga\.codex\worktrees\ecosystem-products\bluetusk\tests\bluetusk.schema.tests\bin\release\net10.0\bluetusk.schema.tests.dll" id="98f92824-7b38-f462-10c7-61b805e036a1">
      <Execution id="bb9a8be2-6b3a-42e0-8ef1-7cd0af5210bc" />
      <TestMethod codeBase="C:\Users\jphga\.codex\worktrees\ecosystem-products\BlueTusk\tests\BlueTusk.Schema.Tests\bin\Release\net10.0\BlueTusk.Schema.Tests.dll" adapterTypeName="executor://xunit/VsTestRunner3/netcore/" className="BlueTusk.Schema.Tests.PostgreSqlCatalogAttestationTests" name="Metadata_and_pool_wait_are_bounded_and_cancellation_does_not_own_the_caller" />
    </UnitTest>
    <UnitTest name="BlueTusk.Schema.Tests.PostgreSqlCatalogAttestationTests.Ordinary_login_requires_only_oid_xmin_grant_and_cannot_read_credential_columns" storage="c:\users\jphga\.codex\worktrees\ecosystem-products\bluetusk\tests\bluetusk.schema.tests\bin\release\net10.0\bluetusk.schema.tests.dll" id="7a22a3f5-d37d-65ab-ab04-0dd273a10c51">
      <Execution id="e6eb15b0-2079-4cdc-a924-f65ba57e2ba7" />
      <TestMethod codeBase="C:\Users\jphga\.codex\worktrees\ecosystem-products\BlueTusk\tests\BlueTusk.Schema.Tests\bin\Release\net10.0\BlueTusk.Schema.Tests.dll" adapterTypeName="executor://xunit/VsTestRunner3/netcore/" className="BlueTusk.Schema.Tests.PostgreSqlCatalogAttestationTests" name="Ordinary_login_requires_only_oid_xmin_grant_and_cannot_read_credential_columns" />
    </UnitTest>
    <UnitTest name="BlueTusk.Schema.Tests.PostgreSqlCatalogAttestationTests.Shared_role_rename_then_revert_is_attested_by_xmin_instead_of_matching_names" storage="c:\users\jphga\.codex\worktrees\ecosystem-products\bluetusk\tests\bluetusk.schema.tests\bin\release\net10.0\bluetusk.schema.tests.dll" id="4ab7985a-ab1d-aa8d-4e52-02a5621e7474">
      <Execution id="fee87331-687e-4635-907e-c1f411ef5f0d" />
      <TestMethod codeBase="C:\Users\jphga\.codex\worktrees\ecosystem-products\BlueTusk\tests\BlueTusk.Schema.Tests\bin\Release\net10.0\BlueTusk.Schema.Tests.dll" adapterTypeName="executor://xunit/VsTestRunner3/netcore/" className="BlueTusk.Schema.Tests.PostgreSqlCatalogAttestationTests" name="Shared_role_rename_then_revert_is_attested_by_xmin_instead_of_matching_names" />
    </UnitTest>
    <UnitTest name="BlueTusk.Schema.Tests.PostgreSqlCatalogAttestationTests.Current_function_cache_and_publication_expansion_cannot_be_claimed_as_held_snapshot_metadata" storage="c:\users\jphga\.codex\worktrees\ecosystem-products\bluetusk\tests\bluetusk.schema.tests\bin\release\net10.0\bluetusk.schema.tests.dll" id="133b80c7-cd18-1131-fee4-b1fb2879a37f">
      <Execution id="91bbcc41-04b0-4433-9ef1-90d72c12f277" />
      <TestMethod codeBase="C:\Users\jphga\.codex\worktrees\ecosystem-products\BlueTusk\tests\BlueTusk.Schema.Tests\bin\Release\net10.0\BlueTusk.Schema.Tests.dll" adapterTypeName="executor://xunit/VsTestRunner3/netcore/" className="BlueTusk.Schema.Tests.PostgreSqlCatalogAttestationTests" name="Current_function_cache_and_publication_expansion_cannot_be_claimed_as_held_snapshot_metadata" />
    </UnitTest>
    <UnitTest name="BlueTusk.Schema.Tests.PostgreSqlCatalogAttestationTests.Unchanged_catalogue_attests_and_preserves_borrowed_transaction_settings_and_ownership" storage="c:\users\jphga\.codex\worktrees\ecosystem-products\bluetusk\tests\bluetusk.schema.tests\bin\release\net10.0\bluetusk.schema.tests.dll" id="95dc303f-1a71-75db-31a1-534905ba4e4b">
      <Execution id="623251df-4f3d-4bb2-9d6d-a5d54b6c318a" />
      <TestMethod codeBase="C:\Users\jphga\.codex\worktrees\ecosystem-products\BlueTusk\tests\BlueTusk.Schema.Tests\bin\Release\net10.0\BlueTusk.Schema.Tests.dll" adapterTypeName="executor://xunit/VsTestRunner3/netcore/" className="BlueTusk.Schema.Tests.PostgreSqlCatalogAttestationTests" name="Unchanged_catalogue_attests_and_preserves_borrowed_transaction_settings_and_ownership" />
    </UnitTest>
    <UnitTest name="BlueTusk.Schema.Tests.PostgreSqlCatalogAttestationTests.Function_change_then_revert_still_changes_tuple_version" storage="c:\users\jphga\.codex\worktrees\ecosystem-products\bluetusk\tests\bluetusk.schema.tests\bin\release\net10.0\bluetusk.schema.tests.dll" id="71beac5d-4df7-98f8-e69a-bd2f3edbf0bc">
      <Execution id="e2731669-8c84-4d51-8841-1dda02d2d458" />
      <TestMethod codeBase="C:\Users\jphga\.codex\worktrees\ecosystem-products\BlueTusk\tests\BlueTusk.Schema.Tests\bin\Release\net10.0\BlueTusk.Schema.Tests.dll" adapterTypeName="executor://xunit/VsTestRunner3/netcore/" className="BlueTusk.Schema.Tests.PostgreSqlCatalogAttestationTests" name="Function_change_then_revert_still_changes_tuple_version" />
    </UnitTest>
  </TestDefinitions>
  <TestEntries>
    <TestEntry testId="4ab7985a-ab1d-aa8d-4e52-02a5621e7474" executionId="fee87331-687e-4635-907e-c1f411ef5f0d" testListId="8c84fa94-04c1-424b-9868-57a2d4851a1d" />
    <TestEntry testId="71beac5d-4df7-98f8-e69a-bd2f3edbf0bc" executionId="e2731669-8c84-4d51-8841-1dda02d2d458" testListId="8c84fa94-04c1-424b-9868-57a2d4851a1d" />
    <TestEntry testId="7a22a3f5-d37d-65ab-ab04-0dd273a10c51" executionId="e6eb15b0-2079-4cdc-a924-f65ba57e2ba7" testListId="8c84fa94-04c1-424b-9868-57a2d4851a1d" />
    <TestEntry testId="95dc303f-1a71-75db-31a1-534905ba4e4b" executionId="623251df-4f3d-4bb2-9d6d-a5d54b6c318a" testListId="8c84fa94-04c1-424b-9868-57a2d4851a1d" />
    <TestEntry testId="8a88641a-f327-ff36-7ce5-b38272fde97f" executionId="830f08b0-0f37-4e86-af78-c7d3ff0acaa0" testListId="8c84fa94-04c1-424b-9868-57a2d4851a1d" />
    <TestEntry testId="133b80c7-cd18-1131-fee4-b1fb2879a37f" executionId="91bbcc41-04b0-4433-9ef1-90d72c12f277" testListId="8c84fa94-04c1-424b-9868-57a2d4851a1d" />
    <TestEntry testId="98f92824-7b38-f462-10c7-61b805e036a1" executionId="bb9a8be2-6b3a-42e0-8ef1-7cd0af5210bc" testListId="8c84fa94-04c1-424b-9868-57a2d4851a1d" />
  </TestEntries>
  <TestLists>
    <TestList name="Results Not in a List" id="8c84fa94-04c1-424b-9868-57a2d4851a1d" />
    <TestList name="All Loaded Results" id="19431567-8539-422a-85d7-44ee4e166bda" />
  </TestLists>
  <ResultSummary outcome="Completed">
    <Counters total="7" executed="7" passed="7" failed="0" error="0" timeout="0" aborted="0" inconclusive="0" passedButRunAborted="0" notRunnable="0" notExecuted="0" disconnected="0" warning="0" completed="0" inProgress="0" pending="0" />
    <Output>
      <StdOut>[xUnit.net 00:00:00.00] xUnit.net VSTest Adapter v3.1.5+1b188a7b0a (64-bit .NET 10.0.12)&#xD;
[xUnit.net 00:00:00.21]   Discovering: BlueTusk.Schema.Tests&#xD;
[xUnit.net 00:00:00.44]   Discovered:  BlueTusk.Schema.Tests&#xD;
[xUnit.net 00:00:00.64]   Starting:    BlueTusk.Schema.Tests&#xD;
[xUnit.net 00:00:04.17]   Finished:    BlueTusk.Schema.Tests (ID = '20fed4d8faf503007bc20cc0369cfbe21bfc9144052f73882e2066548ff40b2f')&#xD;
</StdOut>
    </Output>
  </ResultSummary>
</TestRun>